01-01 00:06:00.049   296   310 I am_pss  : [697,10035,com.android.iotlauncher.ota,16329728,10084352,0]
01-01 00:06:00.100   296   310 I am_pss  : [771,10010,com.google.android.gms.nearby.connection,11616256,4419584,0]
01-01 00:06:00.161   296   310 I am_pss  : [957,10010,com.google.android.gms,30974976,18702336,0]
01-01 00:06:08.112   729  1803 I gtalk_connection: 16974601
01-01 00:06:17.613   296   549 I ntp_failure: [time.android.com,java.net.UnknownHostException: Unable to resolve host "time.android.com": No address associated with hostname]
01-01 00:07:00.000   296   307 I am_uid_stopped: 10036
01-01 00:07:00.000   296   307 I am_kill : [0,1758,com.salo.android.arduinointegration,0,stop com.salo.android.arduinointegration]
01-01 00:07:00.001   296   307 I am_finish_activity: [0,194051904,4,com.salo.android.arduinointegration/.MainActivity,proc died without state saved]
01-01 00:07:00.007   296   307 I wm_task_removed: [4,removeAppToken: last token]
01-01 00:07:00.007   296   307 I am_focused_stack: [0,0,1,appDied]
01-01 00:07:00.009   296   307 I wm_task_moved: [2,1,0]
01-01 00:07:00.010   296   307 I wm_task_removed: [4,removeTask]
01-01 00:07:00.012   296   307 I wm_stack_removed: 1
01-01 00:07:00.013   296   307 I am_set_resumed_activity: [0,com.android.iotlauncher.ota/com.google.android.things.iotlauncher.app.NearbySetupActivity,resumeTopActivityInnerLocked]
01-01 00:07:00.016   296   307 I am_resume_activity: [0,131079773,2,com.android.iotlauncher.ota/com.google.android.things.iotlauncher.app.NearbySetupActivity]
01-01 00:07:00.020   296   311 I sysui_count: [window_time_0,116]
01-01 00:07:00.020   296   311 I sysui_multi_action: [757,803,799,window_time_0,802,116]
01-01 00:07:00.023   296   296 I sysui_multi_action: [757,128,758,5,759,8,793,114653,794,0,795,114653,796,40,806,android,857,FOREGROUND_SERVICE,858,2,947,0]
01-01 00:07:00.023   296   296 I notification_canceled: [0|android|40|null|1000,8,114653,114653,0,NULL]
01-01 00:07:00.027   296   296 I notification_cancel_all: [1000,296,com.salo.android.arduinointegration,0,0,0,5,NULL]
01-01 00:07:00.032   697   697 I am_on_resume_called: [0,com.google.android.things.iotlauncher.app.NearbySetupActivity,RESUME_ACTIVITY]
01-01 00:07:29.367     0     0 E binder  : 1758: binder_alloc_buf, no vma
01-01 00:07:29.367     0     0 I binder  : 296:308 transaction failed 29201, size 108-0
01-01 00:07:29.368     0     0 E binder  : 1758: binder_alloc_buf, no vma
01-01 00:07:29.368     0     0 I binder  : 296:308 transaction failed 29201, size 108-0
01-01 00:07:29.392     0     0 I binder  : undelivered transaction 42592
01-01 00:07:29.392     0     0 I binder  : undelivered transaction 42575
01-01 00:07:06.567   296   369 I ntp_failure: [time.android.com,java.net.UnknownHostException: Unable to resolve host "time.android.com": No address associated with hostname]
01-01 00:07:06.731   296   369 I netstats_mobile_sample: [0,0,0,0,0,0,0,0,0,0,0,0,-1]
01-01 00:07:06.731   296   369 I netstats_wifi_sample: [0,0,0,0,0,0,0,0,0,0,0,0,-1]
01-01 00:07:06.734   296   370 I ntp_failure: [time.android.com,java.net.UnknownHostException: Unable to resolve host "time.android.com": No address associated with hostname]
01-01 00:07:06.926   296   322 I am_uid_active: 10004
01-01 00:07:07.640   296   322 I unknown_sources_enabled: 1
01-01 00:07:07.771   957   957 I force_gc: bg
01-01 00:07:07.769   296   296 I auditd  : type=1400 audit(0.0:153): avc: denied { ptrace } for comm="system_server" scontext=u:r:system_server:s0 tcontext=u:r:system_app:s0 tclass=process permissive=1
01-01 00:07:07.836   296   296 I notification_cancel_all: [1000,296,com.salo.android.arduinointegration,0,0,0,5,NULL]
01-01 00:07:07.839   296   296 I notification_cancel_all: [1000,296,com.salo.android.arduinointegration,0,0,0,5,NULL]
01-01 00:07:07.984   296  1086 I wm_stack_created: 1
01-01 00:07:07.985   296  1086 I wm_task_created: [5,1]
01-01 00:07:07.985   296  1086 I wm_task_moved: [5,1,0]
01-01 00:07:07.986   296  1086 I am_focused_stack: [0,1,0,reuseOrNewTask]
01-01 00:07:07.986   296  1086 I wm_task_moved: [5,1,0]
01-01 00:07:07.986   296  1086 I am_create_task: [0,5]
01-01 00:07:07.986   296  1086 I am_create_activity: [0,262181101,5,com.salo.android.arduinointegration/.MainActivity,android.intent.action.MAIN,NULL,NULL,268435456]
01-01 00:07:07.987   296  1086 I wm_task_moved: [5,1,0]
01-01 00:07:07.988   296  1086 I am_pause_activity: [0,131079773,com.android.iotlauncher.ota/com.google.android.things.iotlauncher.app.NearbySetupActivity]
01-01 00:07:07.994   296   348 I dvm_lock_sample: [system_server,0,Binder:296_3,22,ActivityManagerService.java,18466,void com.android.server.am.ActivityManagerService.serviceDoneExecuting(android.os.IBinder, int, int, int),ActivityStarter.java,732,int com.android.server.am.ActivityStarter.startActivityMayWait(android.app.IApplicationThread, int, java.lang.String, android.content.Intent, java.lang.String, android.service.voice.IVoiceInteractionSession, com.android.internal.app.IVoiceInteractor, android.os.IBinder, java.lang.String, int, int, android.app.ProfilerInfo, android.app.WaitResult, android.content.res.Configuration, android.os.Bundle, boolean, int, com.android.server.am.TaskRecord, java.lang.String),4]
01-01 00:07:07.997   697   697 I am_on_paused_called: [0,com.google.android.things.iotlauncher.app.NearbySetupActivity,handlePauseActivity]
01-01 00:07:07.999   296  1061 I am_uid_running: 10036
01-01 00:07:07.999   153   153 I auditd  : type=1400 audit(0.0:154): avc: denied { getattr } for comm="main" path="/sys/kernel/debug/tracing/trace_marker" dev="tracefs" ino=47 scontext=u:r:zygote:s0 tcontext=u:object_r:debugfs_tracing:s0 tclass=file permissive=1
01-01 00:07:08.009  1901  1901 I auditd  : type=1400 audit(0.0:155): avc: denied { write } for comm="main" name="trace_marker" dev="tracefs" ino=47 scontext=u:r:zygote:s0 tcontext=u:object_r:debugfs_tracing:s0 tclass=file permissive=1
01-01 00:07:08.009  1901  1901 I auditd  : type=1400 audit(0.0:156): avc: denied { open } for comm="main" path="/sys/kernel/debug/tracing/trace_marker" dev="tracefs" ino=47 scontext=u:r:zygote:s0 tcontext=u:object_r:debugfs_tracing:s0 tclass=file permissive=1
01-01 00:07:08.020   296  1061 I am_proc_start: [0,1901,10036,com.salo.android.arduinointegration,activity,com.salo.android.arduinointegration/.MainActivity]
01-01 00:07:08.026   296   311 I sysui_count: [window_time_0,8]
01-01 00:07:08.026   296   311 I sysui_multi_action: [757,803,799,window_time_0,802,8]
01-01 00:07:08.148   296  1899 I am_proc_bound: [0,1901,com.salo.android.arduinointegration]
01-01 00:07:08.154   296  1899 I am_uid_active: 10036
01-01 00:07:08.154   296  1899 I am_restart_activity: [0,262181101,5,com.salo.android.arduinointegration/.MainActivity]
01-01 00:07:08.156   296  1899 I am_set_resumed_activity: [0,com.salo.android.arduinointegration/.MainActivity,minimalResumeActivityLocked]
01-01 00:07:08.714  1901  1901 I am_on_resume_called: [0,com.salo.android.arduinointegration.MainActivity,LAUNCH_ACTIVITY]
01-01 00:07:08.855   296   318 I sysui_multi_action: [319,194,321,97,322,880,325,457,757,761,758,7,759,1,806,com.salo.android.arduinointegration,871,com.salo.android.arduinointegration.MainActivity,905,0,945,178]
01-01 00:07:08.855   296   318 I am_activity_launch_time: [0,262181101,com.salo.android.arduinointegration/.MainActivity,851,851]
01-01 00:07:08.882   296  1061 I am_stop_activity: [0,131079773,com.android.iotlauncher.ota/com.google.android.things.iotlauncher.app.NearbySetupActivity]
01-01 00:07:08.883   697   697 I am_on_stop_called: [0,com.google.android.things.iotlauncher.app.NearbySetupActivity,handleStopActivity]
01-01 00:07:08.884   296   296 I notification_enqueue: [1000,296,android,40,NULL,0,Notification(channel=FOREGROUND_SERVICE pri=0 contentView=null vibrate=null sound=null defaults=0x0 flags=0x2 color=0xff607d8b vis=PRIVATE),0]
01-01 00:07:16.979   322   322 I auditd  : type=1400 audit(0.0:157): avc: denied { ptrace } for comm="PackageManager" scontext=u:r:system_server:s0 tcontext=u:r:platform_app:s0:c512,c768 tclass=process permissive=1
01-01 00:07:23.129   296   310 I am_pss  : [1901,10036,com.salo.android.arduinointegration,17167360,10145792,0]
01-01 00:07:37.835   296   310 I am_pss  : [697,10035,com.android.iotlauncher.ota,16438272,10199040,0]
01-01 00:07:37.886   296   310 I am_pss  : [771,10010,com.google.android.gms.nearby.connection,11607040,4419584,0]
01-01 00:07:54.389   296   310 I am_pss  : [1597,10004,com.android.defcontainer,4270080,2433024,0]
01-01 00:07:54.434   296   310 I am_pss  : [821,10010,com.google.process.gservices,4977664,2437120,0]
01-01 00:07:54.481   296   310 I am_pss  : [682,1000,com.android.keychain,3786752,2076672,0]
01-01 00:07:57.579   351   351 I auditd  : type=1400 audit(0.0:158): avc: denied { ptrace } for comm="AlarmManager" scontext=u:r:system_server:s0 tcontext=u:r:priv_app:s0:c512,c768 tclass=process permissive=1
01-01 00:07:57.605   296   549 I ntp_failure: [time.android.com,java.net.UnknownHostException: Unable to resolve host "time.android.com": No address associated with hostname]
01-01 00:08:16.999   296   311 I am_uid_idle: 10004
01-01 00:08:57.702   296   549 I ntp_failure: [time.android.com,java.net.UnknownHostException: Unable to resolve host "time.android.com": No address associated with hostname]
01-01 00:08:57.747   296   310 I am_pss  : [821,10010,com.google.process.gservices,4903936,2363392,0]
01-01 00:09:27.790   296   310 I am_pss  : [1901,10036,com.salo.android.arduinointegration,17170432,10145792,0]
01-01 00:10:37.607   296   549 I ntp_failure: [time.android.com,java.net.UnknownHostException: Unable to resolve host "time.android.com": No address associated with hostname]
01-01 00:11:02.941   729  1952 I gtalk_connection: 16974601
01-01 00:11:37.713   296   549 I ntp_failure: [time.android.com,java.net.UnknownHostException: Unable to resolve host "time.android.com": No address associated with hostname]
01-01 00:11:37.763   296   310 I am_pss  : [1901,10036,com.salo.android.arduinointegration,16975872,9740288,0]
01-01 00:13:17.608   296   549 I ntp_failure: [time.android.com,java.net.UnknownHostException: Unable to resolve host "time.android.com": No address associated with hostname]
01-01 00:13:47.701   296   310 I am_pss  : [1901,10036,com.salo.android.arduinointegration,16975872,9740288,0]
01-01 00:14:17.756   296   549 I ntp_failure: [time.android.com,java.net.UnknownHostException: Unable to resolve host "time.android.com": No address associated with hostname]
01-01 00:15:17.842   296   549 I ntp_failure: [time.android.com,java.net.UnknownHostException: Unable to resolve host "time.android.com": No address associated with hostname]
01-01 00:15:47.935   296   310 I am_pss  : [1901,10036,com.salo.android.arduinointegration,16975872,9740288,0]
01-01 00:15:47.996   296   310 I am_pss  : [729,10010,com.google.android.gms.persistent,32320512,20111360,0]
01-01 00:15:48.054   296   310 I am_pss  : [452,1002,com.android.bluetooth,13616128,9768960,0]
01-01 00:15:48.100   296   310 I am_pss  : [468,10031,com.android.inputmethod.latin,11502592,8417280,0]
01-01 00:16:17.933   296   549 I ntp_failure: [time.android.com,java.net.UnknownHostException: Unable to resolve host "time.android.com": No address associated with hostname]
01-01 00:17:06.898   296   348 I am_uid_stopped: 10036
01-01 00:17:06.898   296   348 I am_kill : [0,1901,com.salo.android.arduinointegration,0,stop com.salo.android.arduinointegration]
01-01 00:17:06.899   296   348 I am_finish_activity: [0,262181101,5,com.salo.android.arduinointegration/.MainActivity,proc died without state saved]
01-01 00:17:06.906   296   348 I wm_task_removed: [5,removeAppToken: last token]
01-01 00:17:06.906   296   348 I am_focused_stack: [0,0,1,appDied]
01-01 00:17:06.907   296   348 I wm_task_moved: [2,1,0]
01-01 00:17:06.911   296   348 I wm_task_removed: [5,removeTask]
01-01 00:17:06.911   296   348 I wm_stack_removed: 1
01-01 00:17:06.913   296   348 I am_set_resumed_activity: [0,com.android.iotlauncher.ota/com.google.android.things.iotlauncher.app.NearbySetupActivity,resumeTopActivityInnerLocked]
01-01 00:17:06.916   296   348 I am_resume_activity: [0,131079773,2,com.android.iotlauncher.ota/com.google.android.things.iotlauncher.app.NearbySetupActivity]
01-01 00:17:06.919   296   311 I sysui_count: [window_time_0,599]
01-01 00:17:06.919   296   311 I sysui_multi_action: [757,803,799,window_time_0,802,599]
01-01 00:17:06.921   296   296 I sysui_multi_action: [757,128,758,5,759,8,793,598038,794,0,795,598038,796,40,806,android,857,FOREGROUND_SERVICE,858,2,947,0]
01-01 00:17:06.921   296   296 I notification_canceled: [0|android|40|null|1000,8,598038,598038,0,NULL]
01-01 00:17:06.923   296   296 I notification_cancel_all: [1000,296,com.salo.android.arduinointegration,0,0,0,5,NULL]
01-01 00:17:06.934   697   697 I am_on_resume_called: [0,com.google.android.things.iotlauncher.app.NearbySetupActivity,RESUME_ACTIVITY]
01-01 00:17:36.266     0     0 E binder  : 1901: binder_alloc_buf, no vma
01-01 00:17:36.266     0     0 I binder  : 296:1045 transaction failed 29201, size 108-0
01-01 00:17:36.267     0     0 E binder  : 1901: binder_alloc_buf, no vma
01-01 00:17:36.267     0     0 I binder  : 296:1045 transaction failed 29201, size 108-0
01-01 00:17:36.293     0     0 I binder  : undelivered transaction 47881
01-01 00:17:36.293     0     0 I binder  : undelivered transaction 47864
01-01 00:17:07.054   296   310 I am_pss  : [296,1000,system,77484032,65671168,0]
01-01 00:17:18.030   296   549 I ntp_failure: [time.android.com,java.net.UnknownHostException: Unable to resolve host "time.android.com": No address associated with hostname]
01-01 00:17:18.079   296   310 I am_pss  : [697,10035,com.android.iotlauncher.ota,17933312,10903552,0]
01-01 00:17:18.133   296   310 I am_pss  : [771,10010,com.google.android.gms.nearby.connection,11767808,4419584,0]
01-01 00:17:21.408   296   322 I am_uid_active: 10004
01-01 00:17:21.749   296   322 I unknown_sources_enabled: 1
01-01 00:17:21.880   957   957 I force_gc: bg
01-01 00:17:21.891   296   296 I notification_cancel_all: [1000,296,com.salo.android.arduinointegration,0,0,0,5,NULL]
01-01 00:17:21.879   296   296 I auditd  : type=1400 audit(0.0:159): avc: denied { ptrace } for comm="system_server" scontext=u:r:system_server:s0 tcontext=u:r:system_app:s0 tclass=process permissive=1
01-01 00:17:21.988   296   296 I notification_cancel_all: [1000,296,com.salo.android.arduinointegration,0,0,0,5,NULL]
01-01 00:17:22.161   296   444 I wm_stack_created: 1
01-01 00:17:22.162   296   444 I wm_task_created: [6,1]
01-01 00:17:22.166   296   444 I wm_task_moved: [6,1,0]
01-01 00:17:22.166   296   444 I am_focused_stack: [0,1,0,reuseOrNewTask]
01-01 00:17:22.167   296   444 I wm_task_moved: [6,1,0]
01-01 00:17:22.168   296   444 I am_create_task: [0,6]
01-01 00:17:22.168   296   444 I am_create_activity: [0,103071262,6,com.salo.android.arduinointegration/.MainActivity,android.intent.action.MAIN,NULL,NULL,268435456]
01-01 00:17:22.168   296   444 I wm_task_moved: [6,1,0]
01-01 00:17:22.180   296   444 I am_pause_activity: [0,131079773,com.android.iotlauncher.ota/com.google.android.things.iotlauncher.app.NearbySetupActivity]
01-01 00:17:22.199   153   153 I auditd  : type=1400 audit(0.0:160): avc: denied { getattr } for comm="main" path="/sys/kernel/debug/tracing/trace_marker" dev="tracefs" ino=47 scontext=u:r:zygote:s0 tcontext=u:object_r:debugfs_tracing:s0 tclass=file permissive=1
01-01 00:17:22.200   296  1045 I dvm_lock_sample: [system_server,1,Binder:296_6,32,ActivityManagerService.java,18322,int com.android.server.am.ActivityManagerService.stopService(android.app.IApplicationThread, android.content.Intent, java.lang.String, int),ActivityStarter.java,732,int com.android.server.am.ActivityStarter.startActivityMayWait(android.app.IApplicationThread, int, java.lang.String, android.content.Intent, java.lang.String, android.service.voice.IVoiceInteractionSession, com.android.internal.app.IVoiceInteractor, android.os.IBinder, java.lang.String, int, int, android.app.ProfilerInfo, android.app.WaitResult, android.content.res.Configuration, android.os.Bundle, boolean, int, com.android.server.am.TaskRecord, java.lang.String),6]
01-01 00:17:22.201   697   697 I am_on_paused_called: [0,com.google.android.things.iotlauncher.app.NearbySetupActivity,handlePauseActivity]
01-01 00:17:22.202   296  1045 I am_uid_running: 10036
01-01 00:17:22.219  2058  2058 I auditd  : type=1400 audit(0.0:161): avc: denied { write } for comm="main" name="trace_marker" dev="tracefs" ino=47 scontext=u:r:zygote:s0 tcontext=u:object_r:debugfs_tracing:s0 tclass=file permissive=1
01-01 00:17:22.239   296  1045 I am_proc_start: [0,2058,10036,com.salo.android.arduinointegration,activity,com.salo.android.arduinointegration/.MainActivity]
01-01 00:17:22.229  2058  2058 I auditd  : type=1400 audit(0.0:162): avc: denied { open } for comm="main" path="/sys/kernel/debug/tracing/trace_marker" dev="tracefs" ino=47 scontext=u:r:zygote:s0 tcontext=u:object_r:debugfs_tracing:s0 tclass=file permissive=1
01-01 00:17:22.248   296  1061 I dvm_lock_sample: [system_server,1,Binder:296_7,39,ActivityManagerService.java,18428,int com.android.server.am.ActivityManagerService.bindService(android.app.IApplicationThread, android.os.IBinder, android.content.Intent, java.lang.String, android.app.IServiceConnection, int, java.lang.String, int),-,7438,void com.android.server.am.ActivityManagerService.activityPaused(android.os.IBinder),7]
01-01 00:17:22.251   296   311 I sysui_count: [window_time_0,15]
01-01 00:17:22.251   296   311 I sysui_multi_action: [757,803,799,window_time_0,802,15]
01-01 00:17:22.361   296   443 I am_proc_bound: [0,2058,com.salo.android.arduinointegration]
01-01 00:17:22.359   443   443 I auditd  : type=1400 audit(0.0:163): avc: denied { ptrace } for comm="Binder:296_4" scontext=u:r:system_server:s0 tcontext=u:r:untrusted_app:s0:c512,c768 tclass=process permissive=1
01-01 00:17:22.370   296   443 I am_uid_active: 10036
01-01 00:17:22.370   296   443 I am_restart_activity: [0,103071262,6,com.salo.android.arduinointegration/.MainActivity]
01-01 00:17:22.379   296   443 I am_set_resumed_activity: [0,com.salo.android.arduinointegration/.MainActivity,minimalResumeActivityLocked]
01-01 00:17:22.927  2058  2058 I am_on_resume_called: [0,com.salo.android.arduinointegration.MainActivity,LAUNCH_ACTIVITY]
01-01 00:17:23.076   296   318 I sysui_multi_action: [319,243,321,97,322,924,325,1071,757,761,758,7,759,1,806,com.salo.android.arduinointegration,871,com.salo.android.arduinointegration.MainActivity,905,0,945,218]
01-01 00:17:23.077   296   318 I am_activity_launch_time: [0,103071262,com.salo.android.arduinointegration/.MainActivity,866,866]
01-01 00:17:23.102   296   443 I am_stop_activity: [0,131079773,com.android.iotlauncher.ota/com.google.android.things.iotlauncher.app.NearbySetupActivity]
01-01 00:17:23.103   697   697 I am_on_stop_called: [0,com.google.android.things.iotlauncher.app.NearbySetupActivity,handleStopActivity]
01-01 00:17:23.104   296   296 I notification_enqueue: [1000,296,android,40,NULL,0,Notification(channel=FOREGROUND_SERVICE pri=0 contentView=null vibrate=null sound=null defaults=0x0 flags=0x2 color=0xff607d8b vis=PRIVATE),0]
01-01 00:17:27.389   296   310 I am_pss  : [477,10009,com.android.iot.systemui,3804160,1888256,0]
01-01 00:17:27.433   296   310 I am_pss  : [405,1000,com.google.android.things.internal.bluetooth,3874816,2199552,0]
01-01 00:17:27.479   296   310 I am_pss  : [395,1000,com.google.android.things.internal.devicemanagement,5581824,2654208,0]
01-01 00:17:27.524   296   310 I am_pss  : [400,1000,com.google.android.things.internal.media,3556352,1744896,0]
01-01 00:17:37.293   296   310 I am_pss  : [2058,10036,com.salo.android.arduinointegration,17206272,10174464,0]
01-01 00:17:48.124   296   310 I am_pss  : [697,10035,com.android.iotlauncher.ota,16466944,10227712,0]
01-01 00:17:48.177   296   310 I am_pss  : [771,10010,com.google.android.gms.nearby.connection,11610112,4419584,0]
01-01 00:18:00.045   296   310 I am_pss  : [682,1000,com.android.keychain,3884032,2174976,0]
01-01 00:18:18.162   296   310 I am_pss  : [1597,10004,com.android.defcontainer,4360192,2523136,0]
01-01 00:18:31.494   296   311 I am_uid_idle: 10004
01-01 00:18:57.932   296   549 I ntp_failure: [time.android.com,java.net.UnknownHostException: Unable to resolve host "time.android.com": No address associated with hostname]
01-01 00:20:00.049   296   310 I am_pss  : [2058,10036,com.salo.android.arduinointegration,17206272,10174464,0]
01-01 00:20:07.388   296   549 I ntp_failure: [time.android.com,java.net.UnknownHostException: Unable to resolve host "time.android.com": No address associated with hostname]
01-01 00:20:17.457   296   444 I am_uid_stopped: 10036
01-01 00:20:17.457   296   444 I am_kill : [0,2058,com.salo.android.arduinointegration,0,stop com.salo.android.arduinointegration]
01-01 00:20:17.457   296   444 I am_finish_activity: [0,103071262,6,com.salo.android.arduinointegration/.MainActivity,proc died without state saved]
01-01 00:20:17.469   296   444 I wm_task_removed: [6,removeAppToken: last token]
01-01 00:20:17.469   296   444 I am_focused_stack: [0,0,1,appDied]
01-01 00:20:17.470   296   444 I wm_task_moved: [2,1,0]
01-01 00:20:17.471   296   444 I wm_task_removed: [6,removeTask]
01-01 00:20:17.472   296   444 I wm_stack_removed: 1
01-01 00:20:17.474   296   444 I am_set_resumed_activity: [0,com.android.iotlauncher.ota/com.google.android.things.iotlauncher.app.NearbySetupActivity,resumeTopActivityInnerLocked]
01-01 00:20:17.478   296   444 I am_resume_activity: [0,131079773,2,com.android.iotlauncher.ota/com.google.android.things.iotlauncher.app.NearbySetupActivity]
01-01 00:20:17.483   296   311 I sysui_count: [window_time_0,175]
01-01 00:20:17.483   296   311 I sysui_multi_action: [757,803,799,window_time_0,802,175]
01-01 00:20:17.484   296   296 I sysui_multi_action: [757,128,758,5,759,8,793,174380,794,0,795,174380,796,40,806,android,857,FOREGROUND_SERVICE,858,2,947,0]
01-01 00:20:17.484   296   296 I notification_canceled: [0|android|40|null|1000,8,174380,174380,0,NULL]
01-01 00:20:17.485   296   296 I notification_cancel_all: [1000,296,com.salo.android.arduinointegration,0,0,0,5,NULL]
01-01 00:20:17.497   697   697 I am_on_resume_called: [0,com.google.android.things.iotlauncher.app.NearbySetupActivity,RESUME_ACTIVITY]
01-01 00:20:46.832     0     0 I binder  : undelivered transaction 50863
01-01 00:20:46.832     0     0 I binder  : undelivered transaction 50846
01-01 00:20:46.835     0     0 I binder  : 468:468 transaction failed 29189, size 88-0
01-01 00:20:23.698   296   322 I am_uid_active: 10004
01-01 00:20:24.019   296   322 I unknown_sources_enabled: 1
01-01 00:20:24.153   957   957 I force_gc: bg
01-01 00:20:24.169   296   296 I auditd  : type=1400 audit(0.0:164): avc: denied { ptrace } for comm="system_server" scontext=u:r:system_server:s0 tcontext=u:r:system_app:s0 tclass=process permissive=1
01-01 00:20:24.261   296   296 I notification_cancel_all: [1000,296,com.salo.android.arduinointegration,0,0,0,5,NULL]
01-01 00:20:24.263   296   296 I notification_cancel_all: [1000,296,com.salo.android.arduinointegration,0,0,0,5,NULL]
01-01 00:20:24.350   957  1698 I dvm_lock_sample: [com.google.android.gms,0,lowpool[6],32,:com.google.android.gms@12520015@12.5.20 (030300-189423146),24,void quo.a(qus),Binder.java,-2,boolean android.os.BinderProxy.transactNative(int, android.os.Parcel, android.os.Parcel, int),6]
01-01 00:20:24.368   296  1086 I wm_stack_created: 1
01-01 00:20:24.369   296  1086 I wm_task_created: [7,1]
01-01 00:20:24.376   296  1086 I wm_task_moved: [7,1,0]
01-01 00:20:24.377   296  1086 I am_focused_stack: [0,1,0,reuseOrNewTask]
01-01 00:20:24.377   296  1086 I wm_task_moved: [7,1,0]
01-01 00:20:24.378   296  1086 I am_create_task: [0,7]
01-01 00:20:24.378   296  1086 I am_create_activity: [0,223775701,7,com.salo.android.arduinointegration/.MainActivity,android.intent.action.MAIN,NULL,NULL,268435456]
01-01 00:20:24.378   296  1086 I wm_task_moved: [7,1,0]
01-01 00:20:24.385   296  1086 I am_pause_activity: [0,131079773,com.android.iotlauncher.ota/com.google.android.things.iotlauncher.app.NearbySetupActivity]
01-01 00:20:24.393   697   697 I am_on_paused_called: [0,com.google.android.things.iotlauncher.app.NearbySetupActivity,handlePauseActivity]
01-01 00:20:24.394   296  1061 I am_uid_running: 10036
01-01 00:20:24.389   153   153 I auditd  : type=1400 audit(0.0:165): avc: denied { getattr } for comm="main" path="/sys/kernel/debug/tracing/trace_marker" dev="tracefs" ino=47 scontext=u:r:zygote:s0 tcontext=u:object_r:debugfs_tracing:s0 tclass=file permissive=1
01-01 00:20:24.399  2177  2177 I auditd  : type=1400 audit(0.0:166): avc: denied { write } for comm="main" name="trace_marker" dev="tracefs" ino=47 scontext=u:r:zygote:s0 tcontext=u:object_r:debugfs_tracing:s0 tclass=file permissive=1
01-01 00:20:24.399  2177  2177 I auditd  : type=1400 audit(0.0:167): avc: denied { open } for comm="main" path="/sys/kernel/debug/tracing/trace_marker" dev="tracefs" ino=47 scontext=u:r:zygote:s0 tcontext=u:object_r:debugfs_tracing:s0 tclass=file permissive=1
01-01 00:20:24.436   296  1061 I am_proc_start: [0,2177,10036,com.salo.android.arduinointegration,activity,com.salo.android.arduinointegration/.MainActivity]
01-01 00:20:24.442   296   311 I sysui_count: [window_time_0,7]
01-01 00:20:24.443   296   311 I sysui_multi_action: [757,803,799,window_time_0,802,7]
01-01 00:20:24.590   296  1899 I am_proc_bound: [0,2177,com.salo.android.arduinointegration]
01-01 00:20:24.605   296  1899 I am_uid_active: 10036
01-01 00:20:24.605   296  1899 I am_restart_activity: [0,223775701,7,com.salo.android.arduinointegration/.MainActivity]
01-01 00:20:24.609   296  1899 I am_set_resumed_activity: [0,com.salo.android.arduinointegration/.MainActivity,minimalResumeActivityLocked]
01-01 00:20:25.142  2177  2177 I am_on_resume_called: [0,com.salo.android.arduinointegration.MainActivity,LAUNCH_ACTIVITY]
01-01 00:20:25.289   296   318 I sysui_multi_action: [319,256,321,93,322,926,325,1253,757,761,758,7,759,1,806,com.salo.android.arduinointegration,871,com.salo.android.arduinointegration.MainActivity,905,0,945,234]
01-01 00:20:25.289   296   318 I am_activity_launch_time: [0,223775701,com.salo.android.arduinointegration/.MainActivity,890,890]
01-01 00:20:25.318   296  1045 I am_stop_activity: [0,131079773,com.android.iotlauncher.ota/com.google.android.things.iotlauncher.app.NearbySetupActivity]
01-01 00:20:25.319   697   697 I am_on_stop_called: [0,com.google.android.things.iotlauncher.app.NearbySetupActivity,handleStopActivity]
01-01 00:20:25.321   296   296 I notification_enqueue: [1000,296,android,40,NULL,0,Notification(channel=FOREGROUND_SERVICE pri=0 contentView=null vibrate=null sound=null defaults=0x0 flags=0x2 color=0xff607d8b vis=PRIVATE),0]
01-01 00:20:33.749   322   322 I auditd  : type=1400 audit(0.0:168): avc: denied { ptrace } for comm="PackageManager" scontext=u:r:system_server:s0 tcontext=u:r:platform_app:s0:c512,c768 tclass=process permissive=1
01-01 00:20:33.809   296   310 I am_pss  : [962,1000,com.google.android.iot.batterycontrolservice,3043328,1597440,0]
01-01 00:20:37.477   296   310 I am_pss  : [2177,10036,com.salo.android.arduinointegration,17208320,10170368,0]
01-01 00:20:37.524   296   310 I am_pss  : [993,1000,com.google.android.iot.connectivity,3216384,1671168,0]
01-01 00:20:52.594   729  2209 I gtalk_connection: 16974601
01-01 00:20:52.625   296   310 I am_pss  : [697,10035,com.android.iotlauncher.ota,16494592,10256384,0]
01-01 00:20:52.676   296   310 I am_pss  : [771,10010,com.google.android.gms.nearby.connection,11604992,4419584,0]
01-01 00:21:00.045   296   310 I am_pss  : [682,1000,com.android.keychain,3895296,2187264,0]
01-01 00:21:07.523   296   310 I am_pss  : [1597,10004,com.android.defcontainer,4430848,2596864,0]
01-01 00:21:33.771   296   311 I am_uid_idle: 10004
01-01 00:21:37.933   296   549 I ntp_failure: [time.android.com,java.net.UnknownHostException: Unable to resolve host "time.android.com": No address associated with hostname]
01-01 00:21:38.054   957  2214 I aggregation: 1230769298054
01-01 00:22:07.374     0     0 D logd    : logdr: UID=10010 GID=10010 PID=957 n tail=0 logMask=4 pid=0 start=0ns timeout=0ns
01-01 00:22:27.486   296   310 I am_pss  : [821,10010,com.google.process.gservices,4856832,2400256,0]
01-01 00:22:38.034   296   549 I ntp_failure: [time.android.com,java.net.UnknownHostException: Unable to resolve host "time.android.com": No address associated with hostname]
01-01 00:22:38.079   296   310 I am_pss  : [2177,10036,com.salo.android.arduinointegration,17205248,10170368,0]
01-01 00:24:17.945   296   549 I ntp_failure: [time.android.com,java.net.UnknownHostException: Unable to resolve host "time.android.com": No address associated with hostname]
01-01 00:24:48.031   296   310 I am_pss  : [2177,10036,com.salo.android.arduinointegration,17205248,10170368,0]
01-01 00:25:18.032   296   549 I ntp_failure: [time.android.com,java.net.UnknownHostException: Unable to resolve host "time.android.com": No address associated with hostname]
01-01 00:26:00.063   296   310 I am_pss  : [957,10010,com.google.android.gms,33025024,20561920,0]
01-01 00:26:57.938   296   549 I ntp_failure: [time.android.com,java.net.UnknownHostException: Unable to resolve host "time.android.com": No address associated with hostname]
01-01 00:26:57.989   296   310 I am_pss  : [2177,10036,com.salo.android.arduinointegration,17206272,10170368,0]
01-01 00:27:58.031   296   549 I ntp_failure: [time.android.com,java.net.UnknownHostException: Unable to resolve host "time.android.com": No address associated with hostname]
01-01 00:28:47.691   296   443 I am_uid_stopped: 10036
01-01 00:28:47.692   296   443 I am_kill : [0,2177,com.salo.android.arduinointegration,0,stop com.salo.android.arduinointegration]
01-01 00:28:47.692   296   443 I am_finish_activity: [0,223775701,7,com.salo.android.arduinointegration/.MainActivity,proc died without state saved]
01-01 00:28:47.698   296   443 I wm_task_removed: [7,removeAppToken: last token]
01-01 00:28:47.698   296   443 I am_focused_stack: [0,0,1,appDied]
01-01 00:28:47.699   296   443 I wm_task_moved: [2,1,0]
01-01 00:28:47.700   296   443 I wm_task_removed: [7,removeTask]
01-01 00:28:47.701   296   443 I wm_stack_removed: 1
01-01 00:28:47.699   443   443 I auditd  : type=1400 audit(0.0:169): avc: denied { ptrace } for comm="Binder:296_4" scontext=u:r:system_server:s0 tcontext=u:r:untrusted_app:s0:c512,c768 tclass=process permissive=1
01-01 00:28:47.703   296   443 I am_set_resumed_activity: [0,com.android.iotlauncher.ota/com.google.android.things.iotlauncher.app.NearbySetupActivity,resumeTopActivityInnerLocked]
01-01 00:28:47.707   296   443 I am_resume_activity: [0,131079773,2,com.android.iotlauncher.ota/com.google.android.things.iotlauncher.app.NearbySetupActivity]
01-01 00:28:47.715   296   311 I sysui_count: [window_time_0,503]
01-01 00:28:47.715   296   311 I sysui_multi_action: [757,803,799,window_time_0,802,503]
01-01 00:28:47.717   296   296 I sysui_multi_action: [757,128,758,5,759,8,793,502397,794,0,795,502397,796,40,806,android,857,FOREGROUND_SERVICE,858,2,947,0]
01-01 00:28:47.717   296   296 I notification_canceled: [0|android|40|null|1000,8,502397,502397,0,NULL]
01-01 00:28:47.718   296   296 I notification_cancel_all: [1000,296,com.salo.android.arduinointegration,0,0,0,5,NULL]
01-01 00:28:47.721   697   697 I am_on_resume_called: [0,com.google.android.things.iotlauncher.app.NearbySetupActivity,RESUME_ACTIVITY]
01-01 00:29:17.049     0     0 E binder  : 2177: binder_alloc_buf, no vma
01-01 00:29:17.049     0     0 I binder  : 296:1045 transaction failed 29201, size 108-0
01-01 00:29:17.049     0     0 E binder  : 2177: binder_alloc_buf, no vma
01-01 00:29:17.049     0     0 I binder  : 296:1045 transaction failed 29201, size 108-0
01-01 00:29:17.062     0     0 I binder  : undelivered transaction 55402
01-01 00:29:17.062     0     0 I binder  : undelivered transaction 55385
01-01 00:28:54.199   296   322 I am_uid_active: 10004
01-01 00:28:55.009   296  1045 I dvm_lock_sample: [system_server,1,Binder:296_6,225,PackageManagerService.java,7270,java.lang.String com.android.server.pm.PackageManagerService.getInstantAppPackageName(int),-,18447,void com.android.server.pm.PackageManagerService.updateSettingsInternalLI(android.content.pm.PackageParser$Package, java.lang.String, int[], int[], com.android.server.pm.PackageManagerService$PackageInstalledInfo, android.os.UserHandle, int),45]
01-01 00:28:55.009   296   310 I dvm_lock_sample: [system_server,0,android.bg,276,Settings.java,5330,void com.android.server.pm.Settings$RuntimePermissionPersistence.writePermissionsSync(int),PackageManagerService.java,18447,void com.android.server.pm.PackageManagerService.updateSettingsInternalLI(android.content.pm.PackageParser$Package, java.lang.String, int[], int[], com.android.server.pm.PackageManagerService$PackageInstalledInfo, android.os.UserHandle, int),55]
01-01 00:28:55.014   296   322 I unknown_sources_enabled: 1
01-01 00:28:55.144   957   957 I force_gc: bg
01-01 00:28:55.149   296   296 I auditd  : type=1400 audit(0.0:170): avc: denied { ptrace } for comm="system_server" scontext=u:r:system_server:s0 tcontext=u:r:system_app:s0 tclass=process permissive=1
01-01 00:28:55.193   296   296 I notification_cancel_all: [1000,296,com.salo.android.arduinointegration,0,0,0,5,NULL]
01-01 00:28:55.193   296   296 I notification_cancel_all: [1000,296,com.salo.android.arduinointegration,0,0,0,5,NULL]
01-01 00:28:55.228   296  1086 I dvm_lock_sample: [system_server,1,Binder:296_8,5,ActivityManagerService.java,18279,android.content.ComponentName com.android.server.am.ActivityManagerService.startService(android.app.IApplicationThread, android.content.Intent, java.lang.String, boolean, java.lang.String, int),-,18466,void com.android.server.am.ActivityManagerService.serviceDoneExecuting(android.os.IBinder, int, int, int),1]
01-01 00:28:55.377   296   444 I wm_stack_created: 1
01-01 00:28:55.378   296   444 I wm_task_created: [8,1]
01-01 00:28:55.379   296   444 I wm_task_moved: [8,1,0]
01-01 00:28:55.379   296   444 I am_focused_stack: [0,1,0,reuseOrNewTask]
01-01 00:28:55.380   296   444 I wm_task_moved: [8,1,0]
01-01 00:28:55.380   296   444 I am_create_task: [0,8]
01-01 00:28:55.380   296   444 I am_create_activity: [0,38034911,8,com.salo.android.arduinointegration/.MainActivity,android.intent.action.MAIN,NULL,NULL,268435456]
01-01 00:28:55.381   296   444 I wm_task_moved: [8,1,0]
01-01 00:28:55.384   296   444 I am_pause_activity: [0,131079773,com.android.iotlauncher.ota/com.google.android.things.iotlauncher.app.NearbySetupActivity]
01-01 00:28:55.392   697   697 I am_on_paused_called: [0,com.google.android.things.iotlauncher.app.NearbySetupActivity,handlePauseActivity]
01-01 00:28:55.393   296  1900 I am_uid_running: 10036
01-01 00:28:55.389   153   153 I auditd  : type=1400 audit(0.0:171): avc: denied { getattr } for comm="main" path="/sys/kernel/debug/tracing/trace_marker" dev="tracefs" ino=47 scontext=u:r:zygote:s0 tcontext=u:object_r:debugfs_tracing:s0 tclass=file permissive=1
01-01 00:28:55.399  2330  2330 I auditd  : type=1400 audit(0.0:172): avc: denied { write } for comm="main" name="trace_marker" dev="tracefs" ino=47 scontext=u:r:zygote:s0 tcontext=u:object_r:debugfs_tracing:s0 tclass=file permissive=1
01-01 00:28:55.409  2330  2330 I auditd  : type=1400 audit(0.0:173): avc: denied { open } for comm="main" path="/sys/kernel/debug/tracing/trace_marker" dev="tracefs" ino=47 scontext=u:r:zygote:s0 tcontext=u:object_r:debugfs_tracing:s0 tclass=file permissive=1
01-01 00:28:55.422   296  1900 I am_proc_start: [0,2330,10036,com.salo.android.arduinointegration,activity,com.salo.android.arduinointegration/.MainActivity]
01-01 00:28:55.427   296   311 I sysui_count: [window_time_0,8]
01-01 00:28:55.427   296   311 I sysui_multi_action: [757,803,799,window_time_0,802,8]
01-01 00:28:55.583   296   348 I am_proc_bound: [0,2330,com.salo.android.arduinointegration]
01-01 00:28:55.588   296   348 I am_uid_active: 10036
01-01 00:28:55.588   296   348 I am_restart_activity: [0,38034911,8,com.salo.android.arduinointegration/.MainActivity]
01-01 00:28:55.590   296   348 I am_set_resumed_activity: [0,com.salo.android.arduinointegration/.MainActivity,minimalResumeActivityLocked]
01-01 00:28:56.124  2330  2330 I am_on_resume_called: [0,com.salo.android.arduinointegration.MainActivity,LAUNCH_ACTIVITY]
01-01 00:28:56.139    23    23 I auditd  : type=1400 audit(0.0:174): avc: denied { write } for comm="kdevtmpfs" name="/" dev="devtmpfs" ino=1025 scontext=u:r:kernel:s0 tcontext=u:object_r:device:s0 tclass=dir permissive=1
01-01 00:28:56.139    23    23 I auditd  : type=1400 audit(0.0:175): avc: denied { mknod } for comm="kdevtmpfs" capability=27 scontext=u:r:kernel:s0 tcontext=u:r:kernel:s0 tclass=capability permissive=1
01-01 00:28:56.139    23    23 I auditd  : type=1400 audit(0.0:176): avc: denied { add_name } for comm="kdevtmpfs" name="spidev0.0" scontext=u:r:kernel:s0 tcontext=u:object_r:device:s0 tclass=dir permissive=1
01-01 00:28:56.139    23    23 I auditd  : type=1400 audit(0.0:177): avc: denied { create } for comm="kdevtmpfs" name="spidev0.0" scontext=u:r:kernel:s0 tcontext=u:object_r:device:s0 tclass=chr_file permissive=1
01-01 00:28:56.139    23    23 I auditd  : type=1400 audit(0.0:178): avc: denied { setattr } for comm="kdevtmpfs" name="spidev0.0" dev="devtmpfs" ino=36678 scontext=u:r:kernel:s0 tcontext=u:object_r:device:s0 tclass=chr_file permissive=1
01-01 00:28:56.149   185   185 I auditd  : type=1400 audit(0.0:179): avc: denied { write } for comm="peripheralman" name="property_service" dev="tmpfs" ino=1739 scontext=u:r:peripheralman:s0 tcontext=u:object_r:property_socket:s0 tclass=sock_file permissive=1
01-01 00:28:56.149   185   185 I auditd  : type=1400 audit(0.0:180): avc: denied { connectto } for comm="peripheralman" path="/dev/socket/property_service" scontext=u:r:peripheralman:s0 tcontext=u:r:init:s0 tclass=unix_stream_socket permissive=1
01-01 00:29:25.477     0     0 E selinux : avc:  denied  { set } for property=ctl.console pid=185 uid=0 gid=1000 scontext=u:r:peripheralman:s0 tcontext=u:object_r:ctl_console_prop:s0 tclass=property_service permissive=1
01-01 00:29:25.477     0     0 I init    : Sending signal 9 to service 'console' (pid 174) process group...
01-01 00:28:56.159   185   185 I auditd  : type=1400 audit(0.0:181): avc: denied { read } for comm="peripheralman" name="ttyS0" dev="tmpfs" ino=8261 scontext=u:r:peripheralman:s0 tcontext=u:object_r:serial_device:s0 tclass=chr_file permissive=1
01-01 00:28:56.159   185   185 I auditd  : type=1400 audit(0.0:182): avc: denied { open } for comm="peripheralman" path="/dev/ttyS0" dev="tmpfs" ino=8261 scontext=u:r:peripheralman:s0 tcontext=u:object_r:serial_device:s0 tclass=chr_file permissive=1
01-01 00:28:56.159   185   185 I auditd  : type=1400 audit(0.0:183): avc: denied { ioctl } for comm="peripheralman" path="/dev/ttyS0" dev="tmpfs" ino=8261 ioctlcmd=5409 scontext=u:r:peripheralman:s0 tcontext=u:object_r:serial_device:s0 tclass=chr_file permissive=1
01-01 00:28:56.159    23    23 I auditd  : type=1400 audit(0.0:184): avc: denied { getattr } for comm="kdevtmpfs" path="/ttyAMA0" dev="devtmpfs" ino=1136 scontext=u:r:kernel:s0 tcontext=u:object_r:device:s0 tclass=chr_file permissive=1
01-01 00:28:56.159    23    23 I auditd  : type=1400 audit(0.0:185): avc: denied { remove_name } for comm="kdevtmpfs" name="ttyAMA0" dev="devtmpfs" ino=1136 scontext=u:r:kernel:s0 tcontext=u:object_r:device:s0 tclass=dir permissive=1
01-01 00:28:56.159    23    23 I auditd  : type=1400 audit(0.0:186): avc: denied { unlink } for comm="kdevtmpfs" name="ttyAMA0" dev="devtmpfs" ino=1136 scontext=u:r:kernel:s0 tcontext=u:object_r:device:s0 tclass=chr_file permissive=1
01-01 00:29:25.483     0     0 I init    : Successfully killed process cgroup uid 2000 pid 174 in 5ms
01-01 00:29:25.484     0     0 I init    : Service 'console' (pid 174) killed by signal 9
01-01 00:29:25.486     0     0 W         : Trying to free nonexistent resource <000000003f201000-000000003f201fff>
01-01 00:29:25.486     0     0 W         : Trying to free nonexistent resource <000000003f201000-000000003f201fff>
01-01 00:29:25.487     0     0 I         : console [ttyS0] disabled
01-01 00:29:25.492     0     0 W         : ------------[ cut here ]------------
01-01 00:28:56.169   185   185 I auditd  : type=1400 audit(0.0:187): avc: denied { dac_override } for comm="peripheralman" capability=1 scontext=u:r:peripheralman:s0 tcontext=u:r:peripheralman:s0 tclass=capability permissive=1
01-01 00:29:25.492     0     0 W         : WARNING: CPU: 2 PID: 185 at /usr/local/google/buildbot/src/googleplex-android/oc-mr1-iot-release/hardware/bsp/kernel/raspberrypi/pi-v4.4/fs/proc/generic.c:345 proc_register+0x100/0x120()
01-01 00:29:25.492     0     0 W         : proc_dir_entry 'driver/ttyAMA' already registered
01-01 00:29:25.493     0     0 W         : CPU: 2 PID: 185 Comm: peripheralman Not tainted 4.4.19-v7+ #1
01-01 00:29:25.493     0     0 W Hardware name: BCM2709
01-01 00:29:25.493     0     0 W         : [<c0110a70>] (unwind_backtrace) from [<c010c7e0>] (show_stack+0x20/0x24)
01-01 00:29:25.493     0     0 W         : [<c010c7e0>] (show_stack) from [<c0494778>] (dump_stack+0xc4/0x108)
01-01 00:29:25.493     0     0 W         : [<c0494778>] (dump_stack) from [<c011e24c>] (warn_slowpath_fmt+0x9c/0xcc)
01-01 00:29:25.493     0     0 W         : [<c011e24c>] (warn_slowpath_fmt) from [<c02e4070>] (proc_register+0x100/0x120)
01-01 00:29:25.493     0     0 W         : [<c02e4070>] (proc_register) from [<c02e4564>] (proc_create_data+0x88/0xcc)
01-01 00:29:25.493     0     0 W         : [<c02e4564>] (proc_create_data) from [<c02e6f3c>] (proc_tty_register_driver+0x60/0x6c)
01-01 00:29:25.493     0     0 W         : [<c02e6f3c>] (proc_tty_register_driver) from [<c04eb4ac>] (tty_register_driver+0x1e4/0x200)
01-01 00:29:25.493     0     0 W         : [<c04eb4ac>] (tty_register_driver) from [<c04f99a8>] (uart_register_driver+0x144/0x1ac)
01-01 00:29:25.493     0     0 W         : [<c04f99a8>] (uart_register_driver) from [<c0500f30>] (pl011_register_port+0x88/0xac)
01-01 00:29:25.493     0     0 W         : [<c0500f30>] (pl011_register_port) from [<c050110c>] (pl011_probe+0x1b8/0x234)
01-01 00:29:25.493     0     0 W         : [<c050110c>] (pl011_probe) from [<c04e15cc>] (amba_probe+0xd4/0x16c)
01-01 00:29:25.493     0     0 W         : [<c04e15cc>] (amba_probe) from [<c05166fc>] (driver_probe_device+0x214/0x308)
01-01 00:29:25.493     0     0 W         : [<c05166fc>] (driver_probe_device) from [<c051691c>] (__device_attach_driver+0x8c/0x98)
01-01 00:29:25.493     0     0 W         : [<c051691c>] (__device_attach_driver) from [<c0514c24>] (bus_for_each_drv+0x70/0xa4)
01-01 00:29:25.493     0     0 W         : [<c0514c24>] (bus_for_each_drv) from [<c05163d0>] (__device_attach+0xb4/0x114)
01-01 00:29:25.493     0     0 W         : [<c05163d0>] (__device_attach) from [<c051698c>] (device_initial_probe+0x1c/0x20)
01-01 00:29:25.493     0     0 W         : [<c051698c>] (device_initial_probe) from [<c0514ebc>] (bus_probe_device+0x94/0x9c)
01-01 00:29:25.493     0     0 W         : [<c0514ebc>] (bus_probe_device) from [<c0513848>] (device_add+0x3e4/0x56c)
01-01 00:29:25.493     0     0 W         : [<c0513848>] (device_add) from [<c04e1a50>] (amba_device_add+0x60/0x25c)
01-01 00:29:25.493     0     0 W         : [<c04e1a50>] (amba_device_add) from [<c080ed20>] (of_platform_bus_create+0x274/0x314)
01-01 00:29:25.493     0     0 W         : [<c080ed20>] (of_platform_bus_create) from [<c080f084>] (of_platform_populate+0x7c/0xdc)
01-01 00:29:25.493     0     0 W         : [<c080f084>] (of_platform_populate) from [<c04cc81c>] (register_device_and_maybe_aux+0x4c/0xb8)
01-01 00:29:25.493     0     0 W         : [<c04cc81c>] (register_device_and_maybe_aux) from [<c04cd300>] (set_function+0x2d4/0x444)
01-01 00:29:25.493     0     0 W         : [<c04cd300>] (set_function) from [<c04cd7c0>] (function_store+0x154/0x1a0)
01-01 00:29:25.493     0     0 W         : [<c04cd7c0>] (function_store) from [<c05110f8>] (dev_attr_store+0x28/0x34)
01-01 00:29:25.493     0     0 W         : [<c05110f8>] (dev_attr_store) from [<c02f0be0>] (sysfs_kf_write+0x54/0x58)
01-01 00:29:25.493     0     0 W         : [<c02f0be0>] (sysfs_kf_write) from [<c02f0274>] (kernfs_fop_write+0xd4/0x1e4)
01-01 00:29:25.493     0     0 W         : [<c02f0274>] (kernfs_fop_write) from [<c0273318>] (vfs_write+0xb0/0x1f0)
01-01 00:29:25.493     0     0 W         : [<c0273318>] (vfs_write) from [<c027355c>] (SyS_write+0x54/0xb0)
01-01 00:29:25.493     0     0 W         : [<c027355c>] (SyS_write) from [<c0107cc0>] (ret_fast_syscall+0x0/0x1c)
01-01 00:29:25.493     0     0 W         : ---[ end trace 25871a971c0eda03 ]---
01-01 00:29:25.493     0     0 I 3f201000.uart: ttyAMA0 at MMIO 0x3f201000 (irq = 87, base_baud = 0) is a PL011 rev2
01-01 00:29:25.497     0     0 I uart-pl011 3f201000.uart: no DMA platform data
01-01 00:29:25.498     0     0 W         : Trying to free nonexistent resource <000000003f201000-000000003f201fff>
01-01 00:29:25.498     0     0 W         : Trying to free nonexistent resource <000000003f201000-000000003f201fff>
01-01 00:29:25.500     0     0 W         : ------------[ cut here ]------------
01-01 00:29:25.500     0     0 W         : WARNING: CPU: 2 PID: 185 at /usr/local/google/buildbot/src/googleplex-android/oc-mr1-iot-release/hardware/bsp/kernel/raspberrypi/pi-v4.4/fs/proc/generic.c:345 proc_register+0x100/0x120()
01-01 00:29:25.500     0     0 W         : proc_dir_entry 'driver/ttyAMA' already registered
01-01 00:29:25.500     0     0 W         : CPU: 2 PID: 185 Comm: peripheralman Tainted: G        W       4.4.19-v7+ #1
01-01 00:29:25.500     0     0 W Hardware name: BCM2709
01-01 00:29:25.500     0     0 W         : [<c0110a70>] (unwind_backtrace) from [<c010c7e0>] (show_stack+0x20/0x24)
01-01 00:29:25.500     0     0 W         : [<c010c7e0>] (show_stack) from [<c0494778>] (dump_stack+0xc4/0x108)
01-01 00:29:25.500     0     0 W         : [<c0494778>] (dump_stack) from [<c011e24c>] (warn_slowpath_fmt+0x9c/0xcc)
01-01 00:29:25.500     0     0 W         : [<c011e24c>] (warn_slowpath_fmt) from [<c02e4070>] (proc_register+0x100/0x120)
01-01 00:29:25.500     0     0 W         : [<c02e4070>] (proc_register) from [<c02e4564>] (proc_create_data+0x88/0xcc)
01-01 00:29:25.500     0     0 W         : [<c02e4564>] (proc_create_data) from [<c02e6f3c>] (proc_tty_register_driver+0x60/0x6c)
01-01 00:29:25.501     0     0 W         : [<c02e6f3c>] (proc_tty_register_driver) from [<c04eb4ac>] (tty_register_driver+0x1e4/0x200)
01-01 00:29:25.501     0     0 W         : [<c04eb4ac>] (tty_register_driver) from [<c04f99a8>] (uart_register_driver+0x144/0x1ac)
01-01 00:29:25.501     0     0 W         : [<c04f99a8>] (uart_register_driver) from [<c0500f30>] (pl011_register_port+0x88/0xac)
01-01 00:29:25.501     0     0 W         : [<c0500f30>] (pl011_register_port) from [<c050110c>] (pl011_probe+0x1b8/0x234)
01-01 00:29:25.501     0     0 W         : [<c050110c>] (pl011_probe) from [<c04e15cc>] (amba_probe+0xd4/0x16c)
01-01 00:29:25.501     0     0 W         : [<c04e15cc>] (amba_probe) from [<c05166fc>] (driver_probe_device+0x214/0x308)
01-01 00:29:25.501     0     0 W         : [<c05166fc>] (driver_probe_device) from [<c051691c>] (__device_attach_driver+0x8c/0x98)
01-01 00:29:25.501     0     0 W         : [<c051691c>] (__device_attach_driver) from [<c0514c24>] (bus_for_each_drv+0x70/0xa4)
01-01 00:29:25.501     0     0 W         : [<c0514c24>] (bus_for_each_drv) from [<c05163d0>] (__device_attach+0xb4/0x114)
01-01 00:29:25.501     0     0 W         : [<c05163d0>] (__device_attach) from [<c051698c>] (device_initial_probe+0x1c/0x20)
01-01 00:29:25.501     0     0 W         : [<c051698c>] (device_initial_probe) from [<c0514ebc>] (bus_probe_device+0x94/0x9c)
01-01 00:29:25.501     0     0 W         : [<c0514ebc>] (bus_probe_device) from [<c0513848>] (device_add+0x3e4/0x56c)
01-01 00:29:25.501     0     0 W         : [<c0513848>] (device_add) from [<c04e1a50>] (amba_device_add+0x60/0x25c)
01-01 00:29:25.501     0     0 W         : [<c04e1a50>] (amba_device_add) from [<c080ed20>] (of_platform_bus_create+0x274/0x314)
01-01 00:29:25.501     0     0 W         : [<c080ed20>] (of_platform_bus_create) from [<c080f084>] (of_platform_populate+0x7c/0xdc)
01-01 00:29:25.501     0     0 W         : [<c080f084>] (of_platform_populate) from [<c04cc81c>] (register_device_and_maybe_aux+0x4c/0xb8)
01-01 00:29:25.501     0     0 W         : [<c04cc81c>] (register_device_and_maybe_aux) from [<c04cd300>] (set_function+0x2d4/0x444)
01-01 00:29:25.501     0     0 W         : [<c04cd300>] (set_function) from [<c04cd7c0>] (function_store+0x154/0x1a0)
01-01 00:29:25.501     0     0 W         : [<c04cd7c0>] (function_store) from [<c05110f8>] (dev_attr_store+0x28/0x34)
01-01 00:29:25.501     0     0 W         : [<c05110f8>] (dev_attr_store) from [<c02f0be0>] (sysfs_kf_write+0x54/0x58)
01-01 00:29:25.501     0     0 W         : [<c02f0be0>] (sysfs_kf_write) from [<c02f0274>] (kernfs_fop_write+0xd4/0x1e4)
01-01 00:29:25.501     0     0 W         : [<c02f0274>] (kernfs_fop_write) from [<c0273318>] (vfs_write+0xb0/0x1f0)
01-01 00:29:25.501     0     0 W         : [<c0273318>] (vfs_write) from [<c027355c>] (SyS_write+0x54/0xb0)
01-01 00:29:25.501     0     0 W         : [<c027355c>] (SyS_write) from [<c0107cc0>] (ret_fast_syscall+0x0/0x1c)
01-01 00:29:25.501     0     0 W         : ---[ end trace 25871a971c0eda04 ]---
01-01 00:29:25.501     0     0 I 3f201000.uart: ttyAMA0 at MMIO 0x3f201000 (irq = 87, base_baud = 0) is a PL011 rev2
