01-01 00:28:56.209  2354  2354 I auditd  : type=1400 audit(0.0:188): avc: denied { write } for comm="crash_dump32" name="trace_marker" dev="tracefs" ino=47 scontext=u:r:crash_dump:s0 tcontext=u:object_r:debugfs_tracing:s0 tclass=file permissive=1
01-01 00:28:56.209  2354  2354 I auditd  : type=1400 audit(0.0:189): avc: denied { open } for comm="crash_dump32" path="/sys/kernel/debug/tracing/trace_marker" dev="tracefs" ino=47 scontext=u:r:crash_dump:s0 tcontext=u:object_r:debugfs_tracing:s0 tclass=file permissive=1
01-01 00:29:25.511     0     0 I uart-pl011 3f201000.uart: no DMA platform data
01-01 00:28:56.315   296   318 I sysui_multi_action: [319,247,321,102,322,960,325,1764,757,761,758,7,759,1,806,com.salo.android.arduinointegration,871,com.salo.android.arduinointegration.MainActivity,905,0,945,234]
01-01 00:28:56.315   296   318 I am_activity_launch_time: [0,38034911,com.salo.android.arduinointegration/.MainActivity,917,917]
01-01 00:28:56.352   296   348 I am_stop_activity: [0,131079773,com.android.iotlauncher.ota/com.google.android.things.iotlauncher.app.NearbySetupActivity]
01-01 00:28:56.355   296   296 I notification_enqueue: [1000,296,android,40,NULL,0,Notification(channel=FOREGROUND_SERVICE pri=0 contentView=null vibrate=null sound=null defaults=0x0 flags=0x2 color=0xff607d8b vis=PRIVATE),0]
01-01 00:28:56.358   697   697 I am_on_stop_called: [0,com.google.android.things.iotlauncher.app.NearbySetupActivity,handleStopActivity]
01-01 00:29:25.764     0     0 D logd    : logdr: UID=1002 GID=1002 PID=2355 n tail=5 logMask=8 pid=452 start=0ns timeout=0ns
01-01 00:29:25.765     0     0 D logd    : logdr: UID=1002 GID=1002 PID=2355 n tail=5 logMask=1 pid=452 start=0ns timeout=0ns
01-01 00:29:27.558     0     0 D logd    : logdr: UID=1002 GID=1002 PID=2355 n tail=0 logMask=8 pid=452 start=0ns timeout=0ns
01-01 00:29:27.560     0     0 D logd    : logdr: UID=1002 GID=1002 PID=2355 n tail=0 logMask=1 pid=452 start=0ns timeout=0ns
01-01 00:28:58.261   296  2361 I am_crash: [296,0,com.android.bluetooth,281591365,Native crash,Aborted,unknown,0]
01-01 00:29:27.589     0     0 I init    : Untracked pid 2355 exited with status 0
01-01 00:28:58.309  2362  2362 I auditd  : type=1400 audit(0.0:190): avc: denied { search } for comm="crash_reporter" name="452" dev="proc" ino=12302 scontext=u:r:crash_reporter:s0 tcontext=u:r:bluetooth:s0 tclass=dir permissive=1
01-01 00:28:58.309  2362  2362 I auditd  : type=1400 audit(0.0:191): avc: denied { read } for comm="crash_reporter" name="exe" dev="proc" ino=35605 scontext=u:r:crash_reporter:s0 tcontext=u:r:bluetooth:s0 tclass=lnk_file permissive=1
01-01 00:28:58.309  2362  2362 I auditd  : type=1400 audit(0.0:192): avc: denied { getattr } for comm="crash_reporter" path="/proc/452" dev="proc" ino=12302 scontext=u:r:crash_reporter:s0 tcontext=u:r:bluetooth:s0 tclass=dir permissive=1
01-01 00:28:59.650   296  2361 I dvm_lock_sample: [system_server,0,NativeCrashReport,1386,PackageManagerService.java,3958,android.content.pm.PackageInfo com.android.server.pm.PackageManagerService.getPackageInfoInternal(java.lang.String, int, int, int, int),-,1758,void com.android.server.pm.PackageManagerService$PackageHandler.doHandleMessage(android.os.Message),100]
01-01 00:28:59.654   296   451 I dvm_lock_sample: [system_server,0,LazyTaskWriterThread,1232,TaskPersister.java,756,void com.android.server.am.TaskPersister$LazyTaskWriterThread.processNextItem(),ActivityManagerService.java,14664,void com.android.server.am.ActivityManagerService.appendDropBoxProcessHeaders(com.android.server.am.ProcessRecord, java.lang.String, java.lang.StringBuilder),100]
01-01 00:28:59.655   296   317 I dvm_lock_sample: [system_server,0,android.io,557,ActivityManagerService.java,18428,int com.android.server.am.ActivityManagerService.bindService(android.app.IApplicationThread, android.os.IBinder, android.content.Intent, java.lang.String, android.app.IServiceConnection, int, java.lang.String, int),-,14664,void com.android.server.am.ActivityManagerService.appendDropBoxProcessHeaders(com.android.server.am.ProcessRecord, java.lang.String, java.lang.StringBuilder),100]
01-01 00:28:59.655   296  2361 I sysui_action: [316,-1]
01-01 00:28:59.656   296  2361 I sysui_multi_action: [757,316,758,4,759,-1]
01-01 00:28:59.659  1900  1900 I auditd  : type=1400 audit(0.0:193): avc: denied { ptrace } for comm="Binder:296_A" scontext=u:r:system_server:s0 tcontext=u:r:priv_app:s0:c512,c768 tclass=process permissive=1
01-01 00:28:59.697   296  1061 I am_proc_died: [0,452,com.android.bluetooth,-700,6]
01-01 00:28:59.697   296  1061 I am_schedule_service_restart: [0,com.android.bluetooth/.hfpclient.connserv.HfpClientConnectionService,1000]
01-01 00:28:59.697   296  1061 I am_schedule_service_restart: [0,com.android.bluetooth/.pbap.BluetoothPbapService,11000]
01-01 00:28:59.698   296  1061 I am_schedule_service_restart: [0,com.android.bluetooth/.gatt.GattService,10999]
01-01 00:28:59.698   296  1061 I am_schedule_service_restart: [0,com.android.bluetooth/.pbapclient.PbapClientService,20999]
01-01 00:28:59.698   296  1061 I am_schedule_service_restart: [0,com.android.bluetooth/.mapclient.MapClientService,20999]
01-01 00:28:59.698   296  1061 I am_schedule_service_restart: [0,com.android.bluetooth/.hid.HidService,20999]
01-01 00:28:59.698   296  1061 I am_schedule_service_restart: [0,com.android.bluetooth/.btservice.AdapterService,20999]
01-01 00:28:59.699   296  1061 I am_schedule_service_restart: [0,com.android.bluetooth/.sap.SapService,30999]
01-01 00:28:59.699   296  1061 I am_schedule_service_restart: [0,com.android.bluetooth/.hdp.HealthService,30998]
01-01 00:28:59.699   296  1061 I am_schedule_service_restart: [0,com.android.bluetooth/.hfpclient.HeadsetClientService,30998]
01-01 00:28:59.699   296  1061 I am_schedule_service_restart: [0,com.android.bluetooth/.a2dpsink.A2dpSinkService,30998]
01-01 00:28:59.700   296  1061 I am_schedule_service_restart: [0,com.android.bluetooth/.pan.PanService,30998]
01-01 00:28:59.700   296  1061 I am_schedule_service_restart: [0,com.android.bluetooth/.avrcpcontroller.AvrcpControllerService,30997]
01-01 00:28:59.700   296  1061 I am_schedule_service_restart: [0,com.android.bluetooth/.a2dpsink.mbs.A2dpMediaBrowserService,30997]
01-01 00:28:59.700   296  1061 I am_uid_stopped: 1002
01-01 00:28:59.899   296   317 I am_uid_running: 1002
01-01 00:28:59.912   296   317 I am_proc_start: [0,2375,1002,com.android.bluetooth,service,com.android.bluetooth/.btservice.AdapterService]
01-01 00:28:59.974   296  1899 I am_proc_bound: [0,2375,com.android.bluetooth]
01-01 00:28:59.977   296  1899 I am_uid_active: 1002
01-01 00:29:00.102  2375  2392 I bt_config_source: 1
01-01 00:29:00.116   296   549 I ntp_failure: [time.android.com,java.net.UnknownHostException: Unable to resolve host "time.android.com": No address associated with hostname]
01-01 00:29:04.249   322   322 I auditd  : type=1400 audit(0.0:194): avc: denied { ptrace } for comm="PackageManager" scontext=u:r:system_server:s0 tcontext=u:r:platform_app:s0:c512,c768 tclass=process permissive=1
01-01 00:29:09.981   296   310 I am_pss  : [2330,10036,com.salo.android.arduinointegration,17096704,10084352,0]
01-01 00:29:25.265   296   310 I am_pss  : [697,10035,com.android.iotlauncher.ota,16555008,10280960,0]
01-01 00:29:25.316   296   310 I am_pss  : [771,10010,com.google.android.gms.nearby.connection,11735040,4435968,0]
01-01 00:29:25.360   296   310 I am_pss  : [682,1000,com.android.keychain,3936256,2228224,0]
01-01 00:29:30.752   296   311 I am_wtf  : [0,296,system_server,-1,KernelWakelockReader,neither /proc/wakelocks nor /d/wakeup_sources exists]
01-01 00:29:32.180   296   311 I am_anr  : [0,2375,com.android.bluetooth,281591365,executing service com.android.bluetooth/.btservice.AdapterService]
01-01 00:29:32.309  2427  2427 I auditd  : type=1400 audit(0.0:195): avc: denied { write } for comm="crash_dump32" name="trace_marker" dev="tracefs" ino=47 scontext=u:r:crash_dump:s0 tcontext=u:object_r:debugfs_tracing:s0 tclass=file permissive=1
01-01 00:29:32.309  2427  2427 I auditd  : type=1400 audit(0.0:196): avc: denied { open } for comm="crash_dump32" path="/sys/kernel/debug/tracing/trace_marker" dev="tracefs" ino=47 scontext=u:r:crash_dump:s0 tcontext=u:object_r:debugfs_tracing:s0 tclass=file permissive=1
01-01 00:29:33.411   296   311 I am_kill : [0,2375,com.android.bluetooth,0,bg anr]
01-01 00:29:33.399   313   313 I auditd  : type=1400 audit(0.0:197): avc: denied { getpgid } for comm="ActivityManager" scontext=u:r:system_server:s0 tcontext=u:r:crash_dump:s0 tclass=process permissive=1
01-01 00:30:02.736     0     0 I init    : Untracked pid 2428 killed by signal 9
01-01 00:29:33.454   296   348 I am_proc_died: [0,2375,com.android.bluetooth,0,11]
01-01 00:29:33.454   296   348 I am_schedule_service_restart: [0,com.android.bluetooth/.hfpclient.connserv.HfpClientConnectionService,4000]
01-01 00:29:33.454   296   348 I am_schedule_service_restart: [0,com.android.bluetooth/.a2dpsink.mbs.A2dpMediaBrowserService,123988]
01-01 00:29:33.454   296   348 I am_uid_stopped: 1002
01-01 00:29:36.653   296   310 I am_pss  : [1597,10004,com.android.defcontainer,4500480,2592768,0]
01-01 00:29:37.458   296   311 I am_uid_running: 1002
01-01 00:29:37.449   153   153 I auditd  : type=1400 audit(0.0:198): avc: denied { getattr } for comm="main" path="/sys/kernel/debug/tracing/trace_marker" dev="tracefs" ino=47 scontext=u:r:zygote:s0 tcontext=u:object_r:debugfs_tracing:s0 tclass=file permissive=1
01-01 00:29:37.459  2435  2435 I auditd  : type=1400 audit(0.0:199): avc: denied { write } for comm="main" name="trace_marker" dev="tracefs" ino=47 scontext=u:r:zygote:s0 tcontext=u:object_r:debugfs_tracing:s0 tclass=file permissive=1
01-01 00:29:37.459  2435  2435 I auditd  : type=1400 audit(0.0:200): avc: denied { open } for comm="main" path="/sys/kernel/debug/tracing/trace_marker" dev="tracefs" ino=47 scontext=u:r:zygote:s0 tcontext=u:object_r:debugfs_tracing:s0 tclass=file permissive=1
01-01 00:29:37.470   296   311 I am_proc_start: [0,2435,1002,com.android.bluetooth,service,com.android.bluetooth/.hfpclient.connserv.HfpClientConnectionService]
01-01 00:29:37.521   296   308 I am_proc_bound: [0,2435,com.android.bluetooth]
01-01 00:29:37.519   308   308 I auditd  : type=1400 audit(0.0:201): avc: denied { ptrace } for comm="Binder:296_2" scontext=u:r:system_server:s0 tcontext=u:r:bluetooth:s0 tclass=process permissive=1
01-01 00:29:48.667   296   310 I am_pss  : [821,10010,com.google.process.gservices,4912128,2355200,0]
01-01 00:30:00.051   296   310 I am_pss  : [2435,1002,com.android.bluetooth,7896064,4886528,0]
01-01 00:30:04.267   296   311 I am_uid_idle: 10004
01-01 00:30:17.598   296   351 I am_kill : [0,1019,com.google.android.things.checkin,902,empty for 1805s]
01-01 00:30:17.598   296   351 I am_kill : [0,749,android.process.media,904,empty for 1806s]
01-01 00:30:17.598   296   351 I am_kill : [0,875,com.android.packageinstaller,904,empty for 1807s]
01-01 00:30:17.599   296   351 I am_kill : [0,856,com.android.onetimeinitializer,904,empty for 1807s]
01-01 00:30:17.599   296   351 I am_kill : [0,839,com.android.managedprovisioning,906,empty for 1807s]
01-01 00:30:17.600   296   351 I am_kill : [0,656,com.android.deskclock,906,empty for 1807s]
01-01 00:30:17.600   296   351 I am_kill : [0,798,com.google.android.things.customcheckin,906,empty for 1808s]
01-01 00:30:17.631   296   549 I ntp_failure: [time.android.com,java.net.UnknownHostException: Unable to resolve host "time.android.com": No address associated with hostname]
01-01 00:30:17.636   296   369 I ntp_failure: [time.android.com,java.net.UnknownHostException: Unable to resolve host "time.android.com": No address associated with hostname]
01-01 00:30:17.680   296  1045 I am_proc_start: [0,2460,10006,android.process.media,content provider,com.android.providers.downloads/.DownloadProvider]
01-01 00:30:17.681   296  1086 I am_proc_died: [0,875,com.android.packageinstaller,904,17]
01-01 00:30:17.681   296  1086 I am_uid_stopped: 10016
01-01 00:30:17.685   296  1900 I am_proc_died: [0,656,com.android.deskclock,906,17]
01-01 00:30:17.685   296  1900 I am_uid_stopped: 10025
01-01 00:30:17.688   296   308 I am_proc_died: [0,1019,com.google.android.things.checkin,902,17]
01-01 00:30:17.705   296  1061 I am_proc_died: [0,798,com.google.android.things.customcheckin,906,17]
01-01 00:30:17.710   296   444 I am_proc_died: [0,856,com.android.onetimeinitializer,904,17]
01-01 00:30:17.710   296   444 I am_uid_stopped: 10011
01-01 00:30:17.713   296  1086 I am_proc_died: [0,839,com.android.managedprovisioning,906,17]
01-01 00:30:17.714   296  1086 I am_uid_stopped: 10012
01-01 00:30:17.717   296   369 I netstats_mobile_sample: [0,0,0,0,0,0,0,0,0,0,0,0,-1]
01-01 00:30:17.717   296   369 I netstats_wifi_sample: [0,0,0,0,0,0,0,0,0,0,0,0,-1]
01-01 00:30:17.718   296   370 I ntp_failure: [time.android.com,java.net.UnknownHostException: Unable to resolve host "time.android.com": No address associated with hostname]
01-01 00:30:17.744   296   444 I am_proc_bound: [0,2460,android.process.media]
01-01 00:30:17.739   444   444 I auditd  : type=1400 audit(0.0:202): avc: denied { write } for comm="Binder:296_5" name="timerslack_ns" dev="proc" ino=37986 scontext=u:r:system_server:s0 tcontext=u:r:mediaprovider:s0:c512,c768 tclass=file permissive=1
01-01 00:30:17.739   444   444 I auditd  : type=1400 audit(0.0:203): avc: denied { ptrace } for comm="Binder:296_5" scontext=u:r:system_server:s0 tcontext=u:r:mediaprovider:s0:c512,c768 tclass=process permissive=1
01-01 00:30:27.753   296   311 I am_uid_stopped: 10006
01-01 00:30:27.754   296   311 I am_kill : [0,2460,android.process.media,900,timeout publishing content providers]
01-01 00:30:27.754   296  1045 I am_provider_lost_process: [0,com.android.providers.downloads,10006,downloads]
01-01 00:30:27.768   296   348 I am_uid_running: 10006
01-01 00:30:27.759   153   153 I auditd  : type=1400 audit(0.0:204): avc: denied { getattr } for comm="main" path="/sys/kernel/debug/tracing/trace_marker" dev="tracefs" ino=47 scontext=u:r:zygote:s0 tcontext=u:object_r:debugfs_tracing:s0 tclass=file permissive=1
01-01 00:30:27.769  2481  2481 I auditd  : type=1400 audit(0.0:205): avc: denied { write } for comm="main" name="trace_marker" dev="tracefs" ino=47 scontext=u:r:zygote:s0 tcontext=u:object_r:debugfs_tracing:s0 tclass=file permissive=1
01-01 00:30:27.780   296   348 I am_proc_start: [0,2481,10006,android.process.media,content provider,com.android.providers.downloads/.DownloadProvider]
01-01 00:30:27.769  2481  2481 I auditd  : type=1400 audit(0.0:206): avc: denied { open } for comm="main" path="/sys/kernel/debug/tracing/trace_marker" dev="tracefs" ino=47 scontext=u:r:zygote:s0 tcontext=u:object_r:debugfs_tracing:s0 tclass=file permissive=1
01-01 00:30:27.828   296  2328 I am_proc_bound: [0,2481,android.process.media]
01-01 00:30:37.796   296  1899 I am_uid_stopped: 10036
01-01 00:30:37.796   296  1899 I am_kill : [0,2330,com.salo.android.arduinointegration,0,stop com.salo.android.arduinointegration]
01-01 00:30:37.797   296  1899 I am_finish_activity: [0,38034911,8,com.salo.android.arduinointegration/.MainActivity,proc died without state saved]
01-01 00:30:37.807   296  1899 I wm_task_removed: [8,removeAppToken: last token]
01-01 00:30:37.808   296  1899 I am_focused_stack: [0,0,1,appDied]
01-01 00:30:37.808   296  1899 I wm_task_moved: [2,1,0]
01-01 00:30:37.810   296  1899 I wm_task_removed: [8,removeTask]
01-01 00:30:37.810   296  1899 I wm_stack_removed: 1
01-01 00:30:37.812   296  1899 I am_set_resumed_activity: [0,com.android.iotlauncher.ota/com.google.android.things.iotlauncher.app.NearbySetupActivity,resumeTopActivityInnerLocked]
01-01 00:30:37.799  1899  1899 I auditd  : type=1400 audit(0.0:207): avc: denied { ptrace } for comm="Binder:296_9" scontext=u:r:system_server:s0 tcontext=u:r:untrusted_app:s0:c512,c768 tclass=process permissive=1
01-01 00:30:37.815   296  1899 I am_resume_activity: [0,131079773,2,com.android.iotlauncher.ota/com.google.android.things.iotlauncher.app.NearbySetupActivity]
01-01 00:30:37.818   296   311 I sysui_count: [window_time_0,103]
01-01 00:30:37.818   296   311 I sysui_multi_action: [757,803,799,window_time_0,802,103]
01-01 00:30:37.820   296   296 I sysui_multi_action: [757,128,758,5,759,8,793,101466,794,0,795,101466,796,40,806,android,857,FOREGROUND_SERVICE,858,2,947,0]
01-01 00:30:37.820   296   296 I notification_canceled: [0|android|40|null|1000,8,101466,101466,0,NULL]
01-01 00:30:37.822   296   296 I notification_cancel_all: [1000,296,com.salo.android.arduinointegration,0,0,0,5,NULL]
01-01 00:30:37.832   697   697 I am_on_resume_called: [0,com.google.android.things.iotlauncher.app.NearbySetupActivity,RESUME_ACTIVITY]
01-01 00:31:07.165     0     0 E binder  : 2330: binder_alloc_buf, no vma
01-01 00:31:07.165     0     0 I binder  : 296:1061 transaction failed 29201, size 108-0
01-01 00:31:07.166     0     0 E binder  : 2330: binder_alloc_buf, no vma
01-01 00:31:07.166     0     0 I binder  : 296:1061 transaction failed 29201, size 108-0
01-01 00:30:37.879    23    23 I auditd  : type=1400 audit(0.0:208): avc: denied { write } for comm="kdevtmpfs" name="/" dev="devtmpfs" ino=1025 scontext=u:r:kernel:s0 tcontext=u:object_r:device:s0 tclass=dir permissive=1
01-01 00:30:37.879    23    23 I auditd  : type=1400 audit(0.0:209): avc: denied { remove_name } for comm="kdevtmpfs" name="ttyAMA0" dev="devtmpfs" ino=36684 scontext=u:r:kernel:s0 tcontext=u:object_r:device:s0 tclass=dir permissive=1
01-01 00:30:37.879    23    23 I auditd  : type=1400 audit(0.0:210): avc: denied { mknod } for comm="kdevtmpfs" capability=27 scontext=u:r:kernel:s0 tcontext=u:r:kernel:s0 tclass=capability permissive=1
01-01 00:30:37.879    23    23 I auditd  : type=1400 audit(0.0:211): avc: denied { add_name } for comm="kdevtmpfs" name="ttyAMA0" scontext=u:r:kernel:s0 tcontext=u:object_r:device:s0 tclass=dir permissive=1
01-01 00:31:07.202     0     0 I binder  : undelivered transaction 60201
01-01 00:31:07.202     0     0 I binder  : undelivered transaction 60184
01-01 00:31:07.204     0     0 W         : Trying to free nonexistent resource <000000003f201000-000000003f201fff>
01-01 00:31:07.204     0     0 W         : Trying to free nonexistent resource <000000003f201000-000000003f201fff>
01-01 00:31:07.206     0     0 W runtimepinconfig: UART0 has 3 pins, more than the 2 we know about
01-01 00:31:07.208     0     0 I 3f201000.uart: ttyAMA0 at MMIO 0x3f201000 (irq = 87, base_baud = 0) is a PL011 rev2
01-01 00:30:42.242   296   296 I notification_cancel_all: [1000,296,com.salo.android.arduinointegration,0,0,0,5,NULL]
01-01 00:30:42.398   296  1045 I wm_stack_created: 1
01-01 00:30:42.399   296  1045 I wm_task_created: [9,1]
01-01 00:30:42.399   296  1045 I wm_task_moved: [9,1,0]
01-01 00:30:42.400   296  1045 I am_focused_stack: [0,1,0,reuseOrNewTask]
01-01 00:30:42.400   296  1045 I wm_task_moved: [9,1,0]
01-01 00:30:42.400   296  1045 I am_create_task: [0,9]
01-01 00:30:42.400   296  1045 I am_create_activity: [0,199371247,9,com.salo.android.arduinointegration/.MainActivity,android.intent.action.MAIN,NULL,NULL,268435456]
01-01 00:30:42.401   296  1045 I wm_task_moved: [9,1,0]
01-01 00:30:42.419   296  1045 I am_pause_activity: [0,131079773,com.android.iotlauncher.ota/com.google.android.things.iotlauncher.app.NearbySetupActivity]
01-01 00:30:42.423   697   697 I am_on_paused_called: [0,com.google.android.things.iotlauncher.app.NearbySetupActivity,handlePauseActivity]
01-01 00:30:42.424   296  2328 I am_uid_running: 10036
01-01 00:30:42.441   296  2328 I am_proc_start: [0,2546,10036,com.salo.android.arduinointegration,activity,com.salo.android.arduinointegration/.MainActivity]
01-01 00:30:42.445   296   311 I sysui_count: [window_time_0,4]
01-01 00:30:42.446   296   311 I sysui_multi_action: [757,803,799,window_time_0,802,4]
01-01 00:30:42.568   296  1899 I am_proc_bound: [0,2546,com.salo.android.arduinointegration]
01-01 00:30:42.573   296  1899 I am_uid_active: 10036
01-01 00:30:42.573   296  1899 I am_restart_activity: [0,199371247,9,com.salo.android.arduinointegration/.MainActivity]
01-01 00:30:42.578   296  1899 I am_set_resumed_activity: [0,com.salo.android.arduinointegration/.MainActivity,minimalResumeActivityLocked]
01-01 00:30:42.588   296   311 I dvm_lock_sample: [system_server,1,ActivityManager,17,ActivityMetricsLogger.java,350,void com.android.server.am.ActivityMetricsLogger.checkVisibility(com.android.server.am.TaskRecord, com.android.server.am.ActivityRecord),ActivityManagerService.java,7216,void com.android.server.am.ActivityManagerService.attachApplication(android.app.IApplicationThread),3]
01-01 00:30:43.119  2546  2546 I am_on_resume_called: [0,com.salo.android.arduinointegration.MainActivity,LAUNCH_ACTIVITY]
01-01 00:30:43.129    23    23 I auditd  : type=1400 audit(0.0:212): avc: denied { create } for comm="kdevtmpfs" name="spidev0.0" scontext=u:r:kernel:s0 tcontext=u:object_r:device:s0 tclass=chr_file permissive=1
01-01 00:30:43.129    23    23 I auditd  : type=1400 audit(0.0:213): avc: denied { setattr } for comm="kdevtmpfs" name="spidev0.0" dev="devtmpfs" ino=39454 scontext=u:r:kernel:s0 tcontext=u:object_r:device:s0 tclass=chr_file permissive=1
01-01 00:30:43.139   185   185 I auditd  : type=1400 audit(0.0:214): avc: denied { read } for comm="peripheralman" name="ttyS0" dev="tmpfs" ino=34543 scontext=u:r:peripheralman:s0 tcontext=u:object_r:serial_device:s0 tclass=chr_file permissive=1
01-01 00:30:43.139   185   185 I auditd  : type=1400 audit(0.0:215): avc: denied { open } for comm="peripheralman" path="/dev/ttyS0" dev="tmpfs" ino=34543 scontext=u:r:peripheralman:s0 tcontext=u:object_r:serial_device:s0 tclass=chr_file permissive=1
01-01 00:30:43.139   185   185 I auditd  : type=1400 audit(0.0:216): avc: denied { ioctl } for comm="peripheralman" path="/dev/ttyS0" dev="tmpfs" ino=34543 ioctlcmd=5409 scontext=u:r:peripheralman:s0 tcontext=u:object_r:serial_device:s0 tclass=chr_file permissive=1
01-01 00:30:43.139    23    23 I auditd  : type=1400 audit(0.0:217): avc: denied { getattr } for comm="kdevtmpfs" path="/ttyAMA0" dev="devtmpfs" ino=38936 scontext=u:r:kernel:s0 tcontext=u:object_r:device:s0 tclass=chr_file permissive=1
01-01 00:30:43.139    23    23 I auditd  : type=1400 audit(0.0:218): avc: denied { unlink } for comm="kdevtmpfs" name="ttyAMA0" dev="devtmpfs" ino=38936 scontext=u:r:kernel:s0 tcontext=u:object_r:device:s0 tclass=chr_file permissive=1
01-01 00:31:12.471     0     0 W         : Trying to free nonexistent resource <000000003f201000-000000003f201fff>
01-01 00:31:12.471     0     0 W         : Trying to free nonexistent resource <000000003f201000-000000003f201fff>
01-01 00:31:12.475     0     0 I 3f201000.uart: ttyAMA0 at MMIO 0x3f201000 (irq = 87, base_baud = 0) is a PL011 rev2
01-01 00:31:12.477     0     0 I uart-pl011 3f201000.uart: no DMA platform data
01-01 00:31:12.478     0     0 W         : Trying to free nonexistent resource <000000003f201000-000000003f201fff>
01-01 00:31:12.478     0     0 W         : Trying to free nonexistent resource <000000003f201000-000000003f201fff>
01-01 00:31:12.480     0     0 I 3f201000.uart: ttyAMA0 at MMIO 0x3f201000 (irq = 87, base_baud = 0) is a PL011 rev2
01-01 00:31:12.482     0     0 I uart-pl011 3f201000.uart: no DMA platform data
01-01 00:30:43.149   185   185 I auditd  : type=1400 audit(0.0:219): avc: denied { dac_override } for comm="peripheralman" capability=1 scontext=u:r:peripheralman:s0 tcontext=u:r:peripheralman:s0 tclass=capability permissive=1
01-01 00:30:43.283   296   318 I sysui_multi_action: [319,188,321,53,322,881,325,1871,757,761,758,7,759,1,806,com.salo.android.arduinointegration,871,com.salo.android.arduinointegration.MainActivity,905,0,945,171]
01-01 00:30:43.283   296   318 I am_activity_launch_time: [0,199371247,com.salo.android.arduinointegration/.MainActivity,854,854]
01-01 00:30:43.315   296  1899 I am_stop_activity: [0,131079773,com.android.iotlauncher.ota/com.google.android.things.iotlauncher.app.NearbySetupActivity]
01-01 00:30:43.316   697   697 I am_on_stop_called: [0,com.google.android.things.iotlauncher.app.NearbySetupActivity,handleStopActivity]
01-01 00:30:43.317   296   296 I notification_enqueue: [1000,296,android,40,NULL,0,Notification(channel=FOREGROUND_SERVICE pri=0 contentView=null vibrate=null sound=null defaults=0x0 flags=0x2 color=0xff607d8b vis=PRIVATE),0]
01-01 00:31:00.002   296   296 I am_kill : [0,1170,com.google.android.gms.ui,906,empty for 1845s]
01-01 00:31:00.054   296   310 I am_pss  : [2546,10036,com.salo.android.arduinointegration,17756160,10194944,0]
01-01 00:31:00.063   296  1899 I am_proc_died: [0,1170,com.google.android.gms.ui,906,17]
01-01 00:31:00.119   296   310 I am_pss  : [729,10010,com.google.android.gms.persistent,31832064,17960960,0]
01-01 00:31:00.171   296   310 I am_pss  : [1234,10010,com.google.android.gms.unstable,17761280,7548928,0]
01-01 00:31:00.216   296   310 I am_pss  : [890,10001,com.android.providers.calendar,5449728,3055616,0]
01-01 00:31:00.263   296   310 I am_pss  : [1128,10002,android.process.acore,10289152,6643712,0]
01-01 00:31:00.309   296   310 I am_pss  : [468,10031,com.android.inputmethod.latin,12106752,8462336,0]
01-01 00:31:17.640   296   549 I ntp_failure: [time.android.com,java.net.UnknownHostException: Unable to resolve host "time.android.com": No address associated with hostname]
01-01 00:31:17.683   296   310 I am_pss  : [697,10035,com.android.iotlauncher.ota,17282048,10309632,0]
01-01 00:31:17.733   296   310 I am_pss  : [771,10010,com.google.android.gms.nearby.connection,13371392,4558848,0]
01-01 00:31:17.778   296   310 I am_pss  : [1335,10007,com.google.android.ext.services,4030464,1744896,0]
01-01 00:32:00.047   296   310 I am_pss  : [923,10010,com.google.process.gapps,5897216,2666496,0]
01-01 00:32:57.605   296   549 I ntp_failure: [time.android.com,java.net.UnknownHostException: Unable to resolve host "time.android.com": No address associated with hostname]
01-01 00:32:57.693   296   310 I am_pss  : [296,1000,system,76072960,63471616,0]
01-01 00:32:57.738   296   310 I am_pss  : [477,10009,com.android.iot.systemui,4228096,1888256,0]
01-01 00:32:57.783   296   310 I am_pss  : [405,1000,com.google.android.things.internal.bluetooth,4337664,2203648,0]
01-01 00:32:57.828   296   310 I am_pss  : [395,1000,com.google.android.things.internal.devicemanagement,6044672,2654208,0]
01-01 00:32:57.873   296   310 I am_pss  : [400,1000,com.google.android.things.internal.media,3988480,1748992,0]
01-01 00:33:57.613   296   549 I ntp_failure: [time.android.com,java.net.UnknownHostException: Unable to resolve host "time.android.com": No address associated with hostname]
01-01 00:33:57.655   296   310 I am_pss  : [2546,10036,com.salo.android.arduinointegration,17756160,10194944,0]
01-01 00:35:37.607   296   549 I ntp_failure: [time.android.com,java.net.UnknownHostException: Unable to resolve host "time.android.com": No address associated with hostname]
01-01 00:35:37.659   348   348 I auditd  : type=1400 audit(0.0:220): avc: denied { ptrace } for comm="Binder:296_3" scontext=u:r:system_server:s0 tcontext=u:r:priv_app:s0:c512,c768 tclass=process permissive=1
01-01 00:35:52.607   729  2593 I gtalk_connection: 16974601
01-01 00:36:00.050   296   310 I am_pss  : [2546,10036,com.salo.android.arduinointegration,17756160,10194944,0]
01-01 00:36:37.731   296   549 I ntp_failure: [time.android.com,java.net.UnknownHostException: Unable to resolve host "time.android.com": No address associated with hostname]
01-01 00:38:00.050   296   310 I am_pss  : [2546,10036,com.salo.android.arduinointegration,17756160,10194944,0]
01-01 00:38:17.610   296   549 I ntp_failure: [time.android.com,java.net.UnknownHostException: Unable to resolve host "time.android.com": No address associated with hostname]
01-01 00:39:17.715   296   549 I ntp_failure: [time.android.com,java.net.UnknownHostException: Unable to resolve host "time.android.com": No address associated with hostname]
01-01 00:40:17.801   296   549 I ntp_failure: [time.android.com,java.net.UnknownHostException: Unable to resolve host "time.android.com": No address associated with hostname]
01-01 00:40:17.843   296   310 I am_pss  : [2546,10036,com.salo.android.arduinointegration,17756160,10194944,0]
01-01 00:40:47.888   296   310 I am_pss  : [993,1000,com.google.android.iot.connectivity,3628032,1671168,0]
01-01 00:40:47.933   296   310 I am_pss  : [962,1000,com.google.android.iot.batterycontrolservice,3460096,1601536,0]
01-01 00:41:17.891   296   549 I ntp_failure: [time.android.com,java.net.UnknownHostException: Unable to resolve host "time.android.com": No address associated with hostname]
01-01 00:42:17.983   296   549 I ntp_failure: [time.android.com,java.net.UnknownHostException: Unable to resolve host "time.android.com": No address associated with hostname]
01-01 00:42:18.029   296   310 I am_pss  : [2546,10036,com.salo.android.arduinointegration,17756160,10194944,0]
01-01 00:43:10.403     0     0 D logd    : logdr: UID=2000 GID=2000 PID=2630 b tail=0 logMask=19 pid=0 start=0ns timeout=0ns
01-01 00:43:57.890   296   549 I ntp_failure: [time.android.com,java.net.UnknownHostException: Unable to resolve host "time.android.com": No address associated with hostname]
01-01 00:44:27.988   296   310 I am_pss  : [2546,10036,com.salo.android.arduinointegration,17756160,10194944,0]
01-01 00:44:29.126   957  1113 I dvm_lock_sample: [com.google.android.gms,0,highpool[0],900,:com.google.android.gms@12520015@12.5.20 (030300-189423146),2,java.util.List qaj.d(),-,-2,void com.google.android.gms.icing.nativeindex.NativeIndex.nativeUpdateCorpusSchema(long, byte[]),100]
01-01 00:44:29.129   957  1283 I dvm_lock_sample: [com.google.android.gms,0,highpool[2],622,:com.google.android.gms@12520015@12.5.20 (030300-189423146),4,qae qaf.d(java.lang.String),-,-2,void com.google.android.gms.icing.nativeindex.NativeIndex.nativeUpdateCorpusSchema(long, byte[]),100]
01-01 00:44:29.130   957  1126 I dvm_lock_sample: [com.google.android.gms,0,highpool[1],622,:com.google.android.gms@12520015@12.5.20 (030300-189423146),4,qae qaf.d(java.lang.String),-,-2,void com.google.android.gms.icing.nativeindex.NativeIndex.nativeUpdateCorpusSchema(long, byte[]),100]
01-01 00:44:57.987   296   549 I ntp_failure: [time.android.com,java.net.UnknownHostException: Unable to resolve host "time.android.com": No address associated with hostname]
01-01 00:45:00.047   296   310 I am_pss  : [821,10010,com.google.process.gservices,5387264,2367488,0]
01-01 00:46:37.893   296   549 I ntp_failure: [time.android.com,java.net.UnknownHostException: Unable to resolve host "time.android.com": No address associated with hostname]
01-01 00:46:37.942   296   310 I am_pss  : [2546,10036,com.salo.android.arduinointegration,17789952,10194944,0]
01-01 00:46:37.997   296   310 I am_pss  : [697,10035,com.android.iotlauncher.ota,17278976,10309632,0]
01-01 00:46:38.049   296   310 I am_pss  : [771,10010,com.google.android.gms.nearby.connection,13371392,4558848,0]
01-01 00:46:38.107   296   310 I am_pss  : [729,10010,com.google.android.gms.persistent,29861888,15990784,0]
01-01 00:46:38.169   296   310 I am_pss  : [957,10010,com.google.android.gms,34664448,20443136,0]
01-01 00:46:38.215   296   310 I am_pss  : [468,10031,com.android.inputmethod.latin,12106752,8462336,0]
01-01 00:47:38.002   296   549 I ntp_failure: [time.android.com,java.net.UnknownHostException: Unable to resolve host "time.android.com": No address associated with hostname]
01-01 00:48:00.093   296   310 I am_pss  : [296,1000,system,78227456,65597440,0]
01-01 00:48:00.138   296   310 I am_pss  : [477,10009,com.android.iot.systemui,4228096,1888256,0]
01-01 00:48:00.183   296   310 I am_pss  : [405,1000,com.google.android.things.internal.bluetooth,4337664,2203648,0]
01-01 00:48:00.228   296   310 I am_pss  : [395,1000,com.google.android.things.internal.devicemanagement,6044672,2654208,0]
01-01 00:48:00.272   296   310 I am_pss  : [400,1000,com.google.android.things.internal.media,3988480,1748992,0]
01-01 00:48:38.133   296   310 I am_pss  : [2546,10036,com.salo.android.arduinointegration,17789952,10194944,0]
01-01 00:49:17.893   296   549 I ntp_failure: [time.android.com,java.net.UnknownHostException: Unable to resolve host "time.android.com": No address associated with hostname]
01-01 00:50:00.047   296   310 I am_pss  : [2435,1002,com.android.bluetooth,8412160,4902912,0]
01-01 00:50:17.985   296   549 I ntp_failure: [time.android.com,java.net.UnknownHostException: Unable to resolve host "time.android.com": No address associated with hostname]
01-01 00:50:48.074   296   310 I am_pss  : [2546,10036,com.salo.android.arduinointegration,17789952,10194944,0]
01-01 00:50:52.620   729  2677 I gtalk_connection: 16974601
01-01 00:51:19.051   957  2680 I aggregation: 1230771079051
01-01 00:51:48.370     0     0 D logd    : logdr: UID=10010 GID=10010 PID=957 n tail=0 logMask=4 pid=0 start=0ns timeout=0ns
01-01 00:51:19.184   957   957 I dvm_lock_sample: [com.google.android.gms,1,main,67,QueuedWork.java,245,void android.app.QueuedWork.processPendingWork(),FileDescriptor.java,-2,void java.io.FileDescriptor.sync(),13]
01-01 00:51:57.893   296   549 I ntp_failure: [time.android.com,java.net.UnknownHostException: Unable to resolve host "time.android.com": No address associated with hostname]
01-01 00:52:57.901   296   549 I ntp_failure: [time.android.com,java.net.UnknownHostException: Unable to resolve host "time.android.com": No address associated with hostname]
01-01 00:52:57.945   296   310 I am_pss  : [2546,10036,com.salo.android.arduinointegration,17789952,10194944,0]
01-01 00:54:37.895   296   549 I ntp_failure: [time.android.com,java.net.UnknownHostException: Unable to resolve host "time.android.com": No address associated with hostname]
01-01 00:55:00.050   296   310 I am_pss  : [2546,10036,com.salo.android.arduinointegration,17789952,10194944,0]
01-01 00:55:37.903   296   549 I ntp_failure: [time.android.com,java.net.UnknownHostException: Unable to resolve host "time.android.com": No address associated with hostname]
01-01 00:57:17.895   296   549 I ntp_failure: [time.android.com,java.net.UnknownHostException: Unable to resolve host "time.android.com": No address associated with hostname]
01-01 00:57:17.937   296   310 I am_pss  : [2546,10036,com.salo.android.arduinointegration,17789952,10194944,0]
01-01 00:58:17.903   296   549 I ntp_failure: [time.android.com,java.net.UnknownHostException: Unable to resolve host "time.android.com": No address associated with hostname]
01-01 00:59:17.911   296   549 I ntp_failure: [time.android.com,java.net.UnknownHostException: Unable to resolve host "time.android.com": No address associated with hostname]
01-01 00:59:17.953   296   310 I am_pss  : [2546,10036,com.salo.android.arduinointegration,17789952,10194944,0]
01-01 00:59:30.760   296   311 I am_wtf  : [0,296,system_server,-1,KernelWakelockReader,neither /proc/wakelocks nor /d/wakeup_sources exists]
01-01 00:59:30.909   296   310 I am_pss  : [682,1000,com.android.keychain,4372480,2228224,0]
01-01 00:59:37.913   296   310 I am_pss  : [1597,10004,com.android.defcontainer,4875264,2592768,0]
01-01 00:59:45.792   186   213 I storaged_disk_stats: [regular,15041,3615069,6050,475,631210,162280,4557,6566,117272,418060,0,130770,580720]
01-01 01:00:17.922   296   369 I ntp_failure: [time.android.com,java.net.UnknownHostException: Unable to resolve host "time.android.com": No address associated with hostname]
01-01 01:00:17.926   296   369 I netstats_mobile_sample: [0,0,0,0,0,0,0,0,0,0,0,0,-1]
01-01 01:00:17.926   296   369 I netstats_wifi_sample: [0,0,0,0,0,0,0,0,0,0,0,0,-1]
01-01 01:00:17.927   296   370 I ntp_failure: [time.android.com,java.net.UnknownHostException: Unable to resolve host "time.android.com": No address associated with hostname]
01-01 01:00:17.930   296   549 I ntp_failure: [time.android.com,java.net.UnknownHostException: Unable to resolve host "time.android.com": No address associated with hostname]
01-01 01:01:00.047   296   310 I am_pss  : [2481,10006,android.process.media,5839872,3403776,0]
01-01 01:01:00.099   296   310 I am_pss  : [1234,10010,com.google.android.gms.unstable,17760256,7548928,0]
01-01 01:01:00.144   296   310 I am_pss  : [993,1000,com.google.android.iot.connectivity,3628032,1671168,0]
01-01 01:01:00.189   296   310 I am_pss  : [962,1000,com.google.android.iot.batterycontrolservice,3460096,1601536,0]
01-01 01:01:17.938   296   549 I ntp_failure: [time.android.com,java.net.UnknownHostException: Unable to resolve host "time.android.com": No address associated with hostname]
01-01 01:01:17.981   296   310 I am_pss  : [2546,10036,com.salo.android.arduinointegration,17788928,10194944,0]
01-01 01:01:18.026   296   310 I am_pss  : [1335,10007,com.google.android.ext.services,4030464,1744896,0]
01-01 01:01:18.071   296   310 I am_pss  : [890,10001,com.android.providers.calendar,5449728,3055616,0]
01-01 01:01:18.117   296   310 I am_pss  : [1128,10002,android.process.acore,10289152,6643712,0]
01-01 01:02:00.051   296   310 I am_pss  : [697,10035,com.android.iotlauncher.ota,17276928,10309632,0]
01-01 01:02:00.102   296   310 I am_pss  : [771,10010,com.google.android.gms.nearby.connection,13371392,4558848,0]
01-01 01:02:00.161   296   310 I am_pss  : [729,10010,com.google.android.gms.persistent,32580608,18710528,0]
01-01 01:02:00.207   296   310 I am_pss  : [468,10031,com.android.inputmethod.latin,12106752,8462336,0]
01-01 01:02:57.920   296   549 I ntp_failure: [time.android.com,java.net.UnknownHostException: Unable to resolve host "time.android.com": No address associated with hostname]
01-01 01:02:57.962   296   310 I am_pss  : [923,10010,com.google.process.gapps,5897216,2666496,0]
01-01 01:03:57.928   296   549 I ntp_failure: [time.android.com,java.net.UnknownHostException: Unable to resolve host "time.android.com": No address associated with hostname]
01-01 01:03:58.016   296   310 I am_pss  : [296,1000,system,76933120,64299008,0]
01-01 01:03:58.065   296   310 I am_pss  : [2546,10036,com.salo.android.arduinointegration,17788928,10194944,0]
01-01 01:03:58.110   296   310 I am_pss  : [477,10009,com.android.iot.systemui,4228096,1888256,0]
01-01 01:03:58.155   296   310 I am_pss  : [405,1000,com.google.android.things.internal.bluetooth,4337664,2203648,0]
01-01 01:03:58.201   296   310 I am_pss  : [395,1000,com.google.android.things.internal.devicemanagement,6043648,2654208,0]
01-01 01:03:58.245   296   310 I am_pss  : [400,1000,com.google.android.things.internal.media,3988480,1748992,0]
01-01 01:05:53.756     0     0 D logd    : logdr: UID=2000 GID=2000 PID=2721 n tail=0 logMask=7f pid=0 start=0ns timeout=0ns
01-01 01:05:37.921   296   549 I ntp_failure: [time.android.com,java.net.UnknownHostException: Unable to resolve host "time.android.com": No address associated with hostname]
01-01 01:05:52.631   729  2725 I gtalk_connection: 16974601
01-01 01:06:00.050   296   310 I am_pss  : [2546,10036,com.salo.android.arduinointegration,17788928,10194944,0]
01-01 01:06:37.929   296   549 I ntp_failure: [time.android.com,java.net.UnknownHostException: Unable to resolve host "time.android.com": No address associated with hostname]
01-01 01:06:37.985   296   310 I am_pss  : [957,10010,com.google.android.gms,34067456,19849216,0]
01-01 01:08:00.050   296   310 I am_pss  : [2546,10036,com.salo.android.arduinointegration,17787904,10194944,0]
01-01 01:08:17.924   296   549 I ntp_failure: [time.android.com,java.net.UnknownHostException: Unable to resolve host "time.android.com": No address associated with hostname]
01-01 01:09:00.048   296   310 I am_pss  : [821,10010,com.google.process.gservices,5382144,2363392,0]
01-01 01:09:17.932   296   549 I ntp_failure: [time.android.com,java.net.UnknownHostException: Unable to resolve host "time.android.com": No address associated with hostname]
01-01 01:10:57.923   296   549 I ntp_failure: [time.android.com,java.net.UnknownHostException: Unable to resolve host "time.android.com": No address associated with hostname]
01-01 01:10:57.967   296   310 I am_pss  : [2546,10036,com.salo.android.arduinointegration,17787904,10194944,0]
01-01 01:10:58.014   296   310 I am_pss  : [2435,1002,com.android.bluetooth,8410112,4902912,0]
01-01 01:11:57.931   296   549 I ntp_failure: [time.android.com,java.net.UnknownHostException: Unable to resolve host "time.android.com": No address associated with hostname]
01-01 01:13:00.050   296   310 I am_pss  : [2546,10036,com.salo.android.arduinointegration,17787904,10194944,0]
01-01 01:13:37.924   296   549 I ntp_failure: [time.android.com,java.net.UnknownHostException: Unable to resolve host "time.android.com": No address associated with hostname]
01-01 01:14:40.686     0     0 D logd    : logdr: UID=2000 GID=2000 PID=2791 b tail=0 logMask=19 pid=0 start=0ns timeout=0ns
--------- beginning of system
01-01 01:14:18.789   296   307 I ActivityManager: Force stopping com.salo.android.arduinointegration appid=10036 user=0: from pid 2796
01-01 01:14:18.789   296   307 I am_uid_stopped: 10036
01-01 01:14:18.789   296   307 I ActivityManager: Killing 2546:com.salo.android.arduinointegration/u0a36 (adj 0): stop com.salo.android.arduinointegration
01-01 01:14:18.789   296   307 I am_kill : [0,2546,com.salo.android.arduinointegration,0,stop com.salo.android.arduinointegration]
01-01 01:14:18.790   296   307 W ActivityManager: Force removing ActivityRecord{be229ef u0 com.salo.android.arduinointegration/.MainActivity t9}: app died, no saved state
01-01 01:14:18.790   296   307 I am_finish_activity: [0,199371247,9,com.salo.android.arduinointegration/.MainActivity,proc died without state saved]
--------- beginning of main
01-01 01:14:18.790   296   313 W system_server: kill(-2546, 9) failed: No such process
01-01 01:14:18.796   296   307 I wm_task_removed: [9,removeAppToken: last token]
01-01 01:14:18.797   296   307 I am_focused_stack: [0,0,1,appDied]
01-01 01:14:18.797   296   307 I wm_task_moved: [2,1,0]
01-01 01:14:18.799   296   307 I wm_task_removed: [9,removeTask]
01-01 01:14:18.799   296   307 I wm_stack_removed: 1
01-01 01:14:18.801   296   307 I am_set_resumed_activity: [0,com.android.iotlauncher.ota/com.google.android.things.iotlauncher.app.NearbySetupActivity,resumeTopActivityInnerLocked]
01-01 01:14:18.789   307   307 I auditd  : type=1400 audit(0.0:221): avc: denied { ptrace } for comm="Binder:296_1" scontext=u:r:system_server:s0 tcontext=u:r:untrusted_app:s0:c512,c768 tclass=process permissive=1
01-01 01:14:18.789   307   307 I Binder:296_1: type=1400 audit(0.0:221): avc: denied { ptrace } for scontext=u:r:system_server:s0 tcontext=u:r:untrusted_app:s0:c512,c768 tclass=process permissive=1
01-01 01:14:18.804   296   307 I am_resume_activity: [0,131079773,2,com.android.iotlauncher.ota/com.google.android.things.iotlauncher.app.NearbySetupActivity]
01-01 01:14:18.809   172   172 W SurfaceFlinger: couldn't log to binary event log: overflow.
01-01 01:14:18.811   296   311 I sysui_count: [window_time_0,2617]
01-01 01:14:18.811   296   311 I sysui_multi_action: [757,803,799,window_time_0,802,2617]
01-01 01:14:18.813   296   296 W TelecomManager: Telecom Service not found.
01-01 01:14:18.814   296   296 I sysui_multi_action: [757,128,758,5,759,8,793,2615498,794,0,795,2615498,796,40,806,android,857,FOREGROUND_SERVICE,858,2,947,0]
01-01 01:14:18.814   296   296 I notification_canceled: [0|android|40|null|1000,8,2615498,2615498,0,NULL]
01-01 01:14:18.816   296   296 I notification_cancel_all: [1000,296,com.salo.android.arduinointegration,0,0,0,5,NULL]
01-01 01:14:18.821   697   697 I am_on_resume_called: [0,com.google.android.things.iotlauncher.app.NearbySetupActivity,RESUME_ACTIVITY]
01-01 01:14:18.825   296   318 W ActivityManager: setHasOverlayUi called on unknown pid: 2546
01-01 01:14:18.819    23    23 I auditd  : type=1400 audit(0.0:222): avc: denied { write } for comm="kdevtmpfs" name="/" dev="devtmpfs" ino=1025 scontext=u:r:kernel:s0 tcontext=u:object_r:device:s0 tclass=dir permissive=1
01-01 01:14:18.819    23    23 I kdevtmpfs: type=1400 audit(0.0:222): avc: denied { write } for name="/" dev="devtmpfs" ino=1025 scontext=u:r:kernel:s0 tcontext=u:object_r:device:s0 tclass=dir permissive=1
01-01 01:14:18.819    23    23 I auditd  : type=1400 audit(0.0:223): avc: denied { remove_name } for comm="kdevtmpfs" name="ttyAMA0" dev="devtmpfs" ino=39457 scontext=u:r:kernel:s0 tcontext=u:object_r:device:s0 tclass=dir permissive=1
01-01 01:14:18.819    23    23 I kdevtmpfs: type=1400 audit(0.0:223): avc: denied { remove_name } for name="ttyAMA0" dev="devtmpfs" ino=39457 scontext=u:r:kernel:s0 tcontext=u:object_r:device:s0 tclass=dir permissive=1
01-01 01:14:18.819    23    23 I auditd  : type=1400 audit(0.0:224): avc: denied { add_name } for comm="kdevtmpfs" name="ttyAMA0" scontext=u:r:kernel:s0 tcontext=u:object_r:device:s0 tclass=dir permissive=1
01-01 01:14:18.819    23    23 I kdevtmpfs: type=1400 audit(0.0:224): avc: denied { add_name } for name="ttyAMA0" scontext=u:r:kernel:s0 tcontext=u:object_r:device:s0 tclass=dir permissive=1
01-01 01:14:48.142     0     0 I binder  : undelivered transaction 69654
01-01 01:14:48.142     0     0 I binder  : undelivered transaction 69637
01-01 01:14:48.145     0     0 W         : Trying to free nonexistent resource <000000003f201000-000000003f201fff>
01-01 01:14:48.145     0     0 W         : Trying to free nonexistent resource <000000003f201000-000000003f201fff>
01-01 01:14:48.148     0     0 W runtimepinconfig: UART0 has 3 pins, more than the 2 we know about
01-01 01:14:48.149     0     0 I 3f201000.uart: ttyAMA0 at MMIO 0x3f201000 (irq = 87, base_baud = 0) is a PL011 rev2
01-01 01:14:18.839   296   313 W system_server: kill(-2546, 9) failed: No such process
01-01 01:14:18.842   172   233 D gralloc : Registering a buffer in the process that created it. This may cause memory ordering problems.
01-01 01:14:48.157     0     0 I binder  : 468:468 transaction failed 29189, size 88-0
01-01 01:14:18.850   697   715 I zygote  : Do partial code cache collection, code=30KB, data=28KB
01-01 01:14:18.851   697   715 I zygote  : After code cache collection, code=29KB, data=27KB
01-01 01:14:18.851   697   715 I zygote  : Increasing code cache capacity to 128KB
01-01 01:14:18.874   172   172 D gralloc : Registering a buffer in the process that created it. This may cause memory ordering problems.
01-01 01:14:18.883   296   313 W system_server: kill(-2546, 9) failed: No such process
01-01 01:14:18.883   296   313 I system_server: Successfully killed process cgroup uid 10036 pid 2546 in 93ms
01-01 01:14:19.483  2798  2798 D AndroidRuntime: >>>>>> START com.android.internal.os.RuntimeInit uid 2000 <<<<<<
01-01 01:14:19.496  2798  2798 W app_process: Could not reserve sentinel fault page
01-01 01:14:19.680  2798  2798 I app_process: The ClassLoaderContext is a special shared library.
01-01 01:14:19.747  2798  2798 D AndroidRuntime: Calling main entry com.android.commands.pm.Pm
01-01 01:14:19.755  2798  2798 I app_process: System.exit called, status: 0
01-01 01:14:19.756  2798  2807 W MessageQueue: Handler (android.os.Handler) {e8b177a} sending message to a Handler on a dead thread
01-01 01:14:19.756  2798  2807 W MessageQueue: java.lang.IllegalStateException: Handler (android.os.Handler) {e8b177a} sending message to a Handler on a dead thread
01-01 01:14:19.756  2798  2807 W MessageQueue: 	at android.os.MessageQueue.enqueueMessage(MessageQueue.java:545)
01-01 01:14:19.756  2798  2807 W MessageQueue: 	at android.os.Handler.enqueueMessage(Handler.java:662)
01-01 01:14:19.756  2798  2807 W MessageQueue: 	at android.os.Handler.sendMessageAtTime(Handler.java:631)
01-01 01:14:19.756  2798  2807 W MessageQueue: 	at android.os.Handler.sendMessageDelayed(Handler.java:601)
01-01 01:14:19.756  2798  2807 W MessageQueue: 	at android.os.Handler.post(Handler.java:357)
01-01 01:14:19.756  2798  2807 W MessageQueue: 	at android.os.ResultReceiver$MyResultReceiver.send(ResultReceiver.java:57)
01-01 01:14:19.756  2798  2807 W MessageQueue: 	at com.android.internal.os.IResultReceiver$Stub.onTransact(IResultReceiver.java:58)
01-01 01:14:19.756  2798  2807 W MessageQueue: 	at android.os.Binder.execTransact(Binder.java:697)
01-01 01:14:19.756  2798  2798 I AndroidRuntime: VM exiting with result code 0.
01-01 01:14:19.988   175   175 E adbd    : failed to connect to socket 'localabstract:com.salo.android.arduinointegration': Connection refused
01-01 01:14:20.616  2818  2818 D AndroidRuntime: >>>>>> START com.android.internal.os.RuntimeInit uid 2000 <<<<<<
01-01 01:14:20.629  2818  2818 W app_process: Could not reserve sentinel fault page
01-01 01:14:20.811  2818  2818 I app_process: The ClassLoaderContext is a special shared library.
01-01 01:14:20.877  2818  2818 D AndroidRuntime: Calling main entry com.android.commands.pm.Pm
01-01 01:14:20.884  2818  2826 W MessageQueue: Handler (android.os.Handler) {12db1e3} sending message to a Handler on a dead thread
01-01 01:14:20.884  2818  2826 W MessageQueue: java.lang.IllegalStateException: Handler (android.os.Handler) {12db1e3} sending message to a Handler on a dead thread
01-01 01:14:20.884  2818  2826 W MessageQueue: 	at android.os.MessageQueue.enqueueMessage(MessageQueue.java:545)
01-01 01:14:20.884  2818  2826 W MessageQueue: 	at android.os.Handler.enqueueMessage(Handler.java:662)
01-01 01:14:20.884  2818  2826 W MessageQueue: 	at android.os.Handler.sendMessageAtTime(Handler.java:631)
01-01 01:14:20.884  2818  2826 W MessageQueue: 	at android.os.Handler.sendMessageDelayed(Handler.java:601)
01-01 01:14:20.884  2818  2826 W MessageQueue: 	at android.os.Handler.post(Handler.java:357)
01-01 01:14:20.884  2818  2826 W MessageQueue: 	at android.os.ResultReceiver$MyResultReceiver.send(ResultReceiver.java:57)
01-01 01:14:20.884  2818  2826 W MessageQueue: 	at com.android.internal.os.IResultReceiver$Stub.onTransact(IResultReceiver.java:58)
