01-01 00:00:08.109   656   656 I auditd  : type=1400 audit(0.0:85): avc: denied { write } for comm="main" name="trace_marker" dev="tracefs" ino=47 scontext=u:r:zygote:s0 tcontext=u:object_r:debugfs_tracing:s0 tclass=file permissive=1
01-01 00:00:08.109   656   656 I auditd  : type=1400 audit(0.0:86): avc: denied { open } for comm="main" path="/sys/kernel/debug/tracing/trace_marker" dev="tracefs" ino=47 scontext=u:r:zygote:s0 tcontext=u:object_r:debugfs_tracing:s0 tclass=file permissive=1
01-01 00:00:08.125   296   296 I am_proc_start: [0,656,10025,com.android.deskclock,broadcast,com.android.deskclock/.AlarmInitReceiver]
01-01 00:00:08.162   296   311 I am_user_state_changed: [0,3]
01-01 00:00:08.163   296   311 I sysui_histogram: [framework_boot_completed,37]
01-01 00:00:08.163   296   311 I sysui_multi_action: [757,804,799,framework_boot_completed,801,37,802,1]
01-01 00:00:08.200   296   310 I am_proc_start: [0,682,1000,com.android.keychain,service,com.android.keychain/.KeyChainService]
01-01 00:00:08.201   296   308 I am_finish_activity: [0,207013949,1,com.google.android.things.internal.devicemanagement/com.google.android.things.internal.FallbackHome,app-request]
01-01 00:00:08.201   296   308 I wm_task_moved: [1,1,0]
01-01 00:00:08.202   296   308 I am_pause_activity: [0,207013949,com.google.android.things.internal.devicemanagement/com.google.android.things.internal.FallbackHome]
01-01 00:00:08.207   395   395 I am_on_paused_called: [0,com.google.android.things.internal.FallbackHome,handlePauseActivity]
01-01 00:00:08.207   296   370 I dvm_lock_sample: [system_server,0,NetworkPolicy,16,ActivityManagerService.java,18888,void com.android.server.am.ActivityManagerService.unregisterReceiver(android.content.IIntentReceiver),-,18428,int com.android.server.am.ActivityManagerService.bindService(android.app.IApplicationThread, android.os.IBinder, android.content.Intent, java.lang.String, android.app.IServiceConnection, int, java.lang.String, int),3]
01-01 00:00:08.209   296   348 I wm_task_moved: [1,1,0]
01-01 00:00:08.216   296   348 I wm_task_created: [2,0]
01-01 00:00:08.216   296   348 I wm_task_moved: [2,1,1]
01-01 00:00:08.216   296   348 I wm_task_moved: [2,1,1]
01-01 00:00:08.217   296   348 I am_create_task: [0,2]
01-01 00:00:08.217   296   348 I am_create_activity: [0,38447347,2,com.android.iotlauncher.ota/com.google.android.things.iotlauncher.app.DefaultIoTLauncher,android.intent.action.MAIN,NULL,NULL,276824320]
01-01 00:00:08.218   296   348 I wm_task_moved: [2,1,1]
01-01 00:00:08.226   296   348 I am_uid_running: 10035
01-01 00:00:08.239   307   307 I auditd  : type=1400 audit(0.0:87): avc: denied { ptrace } for comm="Binder:296_1" scontext=u:r:system_server:s0 tcontext=u:r:untrusted_app:s0:c512,c768 tclass=process permissive=1
01-01 00:00:08.241   296   348 I am_proc_start: [0,697,10035,com.android.iotlauncher.ota,activity,com.android.iotlauncher.ota/com.google.android.things.iotlauncher.app.DefaultIoTLauncher]
01-01 00:00:08.244   296   311 I sysui_count: [window_time_0,11]
01-01 00:00:08.245   296   311 I sysui_multi_action: [757,803,799,window_time_0,802,11]
01-01 00:00:08.245   296   307 I am_proc_bound: [0,656,com.android.deskclock]
01-01 00:00:08.249   307   307 I auditd  : type=1400 audit(0.0:88): avc: denied { ptrace } for comm="Binder:296_1" scontext=u:r:system_server:s0 tcontext=u:r:system_app:s0 tclass=process permissive=1
01-01 00:00:08.259   296   311 I sysui_count: [window_time_0,0]
01-01 00:00:08.260   296   311 I sysui_multi_action: [757,803,799,window_time_0,802,0]
01-01 00:00:08.265   296   443 I am_proc_bound: [0,682,com.android.keychain]
01-01 00:00:08.285   296   308 I am_proc_bound: [0,697,com.android.iotlauncher.ota]
01-01 00:00:08.289   296   308 I am_uid_active: 10035
01-01 00:00:08.289   296   308 I am_restart_activity: [0,38447347,2,com.android.iotlauncher.ota/com.google.android.things.iotlauncher.app.DefaultIoTLauncher]
01-01 00:00:08.290   296   308 I am_set_resumed_activity: [0,com.android.iotlauncher.ota/com.google.android.things.iotlauncher.app.DefaultIoTLauncher,minimalResumeActivityLocked]
01-01 00:00:08.384   296   310 I am_uid_running: 10010
01-01 00:00:08.398   296   310 I am_proc_start: [0,729,10010,com.google.android.gms.persistent,service,com.google.android.gms/com.google.android.location.network.NetworkLocationService]
01-01 00:00:08.459   296   308 I am_proc_bound: [0,729,com.google.android.gms.persistent]
01-01 00:00:08.598   296   348 I am_uid_running: 10006
01-01 00:00:08.614   296   348 I am_proc_start: [0,749,10006,android.process.media,broadcast,com.android.providers.downloads/.DownloadReceiver]
01-01 00:00:08.650   296   296 I notification_enqueue: [1000,296,android,17303299,NULL,0,Notification(channel=NETWORK_AVAILABLE pri=0 contentView=null vibrate=null sound=null tick defaults=0x0 flags=0x100 color=0xff607d8b actions=2 vis=PRIVATE),0]
01-01 00:00:08.669   443   443 I auditd  : type=1400 audit(0.0:89): avc: denied { write } for comm="Binder:296_4" name="timerslack_ns" dev="proc" ino=12898 scontext=u:r:system_server:s0 tcontext=u:r:mediaprovider:s0:c512,c768 tclass=file permissive=1
01-01 00:00:08.669   443   443 I auditd  : type=1400 audit(0.0:90): avc: denied { ptrace } for comm="Binder:296_4" scontext=u:r:system_server:s0 tcontext=u:r:mediaprovider:s0:c512,c768 tclass=process permissive=1
01-01 00:00:08.672   296   443 I am_proc_bound: [0,749,android.process.media]
01-01 00:00:08.840   296   308 I wm_task_moved: [2,1,1]
01-01 00:00:08.841   296   308 I am_create_activity: [0,131079773,2,com.android.iotlauncher.ota/com.google.android.things.iotlauncher.app.NearbySetupActivity,NULL,NULL,NULL,8388608]
01-01 00:00:08.842   296   308 I am_pause_activity: [0,38447347,com.android.iotlauncher.ota/com.google.android.things.iotlauncher.app.DefaultIoTLauncher]
01-01 00:00:08.949   697   697 I am_on_resume_called: [0,com.google.android.things.iotlauncher.app.DefaultIoTLauncher,LAUNCH_ACTIVITY]
01-01 00:00:08.963   697   697 I am_on_paused_called: [0,com.google.android.things.iotlauncher.app.DefaultIoTLauncher,handlePauseActivity]
01-01 00:00:08.965   296   444 I am_restart_activity: [0,131079773,2,com.android.iotlauncher.ota/com.google.android.things.iotlauncher.app.NearbySetupActivity]
01-01 00:00:08.965   296   444 I am_set_resumed_activity: [0,com.android.iotlauncher.ota/com.google.android.things.iotlauncher.app.NearbySetupActivity,minimalResumeActivityLocked]
01-01 00:00:08.974   296   311 I am_destroy_activity: [0,207013949,1,com.google.android.things.internal.devicemanagement/com.google.android.things.internal.FallbackHome,finish-idle]
01-01 00:00:08.975   296   311 I sysui_count: [window_time_0,1]
01-01 00:00:08.976   296   311 I sysui_multi_action: [757,803,799,window_time_0,802,1]
01-01 00:00:08.981   395   395 I am_on_stop_called: [0,com.google.android.things.internal.FallbackHome,destroy]
01-01 00:00:08.988   296   348 I wm_task_removed: [1,removeAppToken: last token]
01-01 00:00:08.989   296   348 I wm_task_removed: [1,removeTask]
01-01 00:00:09.009   153   153 I auditd  : type=1400 audit(0.0:91): avc: denied { getattr } for comm="main" path="/sys/kernel/debug/tracing/trace_marker" dev="tracefs" ino=47 scontext=u:r:zygote:s0 tcontext=u:object_r:debugfs_tracing:s0 tclass=file permissive=1
01-01 00:00:09.019   771   771 I auditd  : type=1400 audit(0.0:92): avc: denied { write } for comm="main" name="trace_marker" dev="tracefs" ino=47 scontext=u:r:zygote:s0 tcontext=u:object_r:debugfs_tracing:s0 tclass=file permissive=1
01-01 00:00:09.019   771   771 I auditd  : type=1400 audit(0.0:93): avc: denied { open } for comm="main" path="/sys/kernel/debug/tracing/trace_marker" dev="tracefs" ino=47 scontext=u:r:zygote:s0 tcontext=u:object_r:debugfs_tracing:s0 tclass=file permissive=1
01-01 00:00:09.033   296   308 I am_proc_start: [0,771,10010,com.google.android.gms.nearby.connection,service,com.google.android.gms/.nearby.connection.service.NearbyConnectionsAndroidService]
01-01 00:00:09.040   296   296 I notification_enqueue: [10035,697,com.android.iotlauncher.ota,101,NULL,0,Notification(channel=iot_launcher pri=0 contentView=null vibrate=null sound=null defaults=0x0 flags=0x40 color=0x00000000 vis=PRIVATE),0]
01-01 00:00:09.091   296   308 I am_proc_bound: [0,771,com.google.android.gms.nearby.connection]
01-01 00:00:09.093   296   308 I am_uid_active: 10010
01-01 00:00:09.160   296   310 I am_meminfo: [75223040,320028672,0,31760384,117357568]
01-01 00:00:09.317   296   296 I am_proc_start: [0,798,1000,com.google.android.things.customcheckin,broadcast,com.google.android.things.customcheckin/.BootReceiver]
01-01 00:00:09.363   296   797 I sysui_histogram: [boot_mount_all_duration_default,8310]
01-01 00:00:09.363   296   797 I sysui_multi_action: [757,804,799,boot_mount_all_duration_default,801,8310,802,1]
01-01 00:00:09.364   296   797 I sysui_histogram: [boot_fs_stat_vendor_a,1]
01-01 00:00:09.364   296   797 I sysui_multi_action: [757,804,799,boot_fs_stat_vendor_a,801,1,802,1]
01-01 00:00:09.365   296   797 I sysui_histogram: [boot_fs_stat_userdata,11]
01-01 00:00:09.365   296   797 I sysui_multi_action: [757,804,799,boot_fs_stat_userdata,801,11,802,1]
01-01 00:00:09.365   296   797 I sysui_histogram: [boot_fs_stat_oem_a,3]
01-01 00:00:09.365   296   797 I sysui_multi_action: [757,804,799,boot_fs_stat_oem_a,801,3,802,1]
01-01 00:00:09.389   348   348 I auditd  : type=1400 audit(0.0:94): avc: denied { write } for comm="Binder:296_3" name="timerslack_ns" dev="proc" ino=18571 scontext=u:r:system_server:s0 tcontext=u:r:CustomCheckin:s0 tclass=file permissive=1
01-01 00:00:09.389   348   348 I auditd  : type=1400 audit(0.0:95): avc: denied { ptrace } for comm="Binder:296_3" scontext=u:r:system_server:s0 tcontext=u:r:CustomCheckin:s0 tclass=process permissive=1
01-01 00:00:09.396   296   348 I am_proc_bound: [0,798,com.google.android.things.customcheckin]
01-01 00:00:09.410   697   697 I am_on_resume_called: [0,com.google.android.things.iotlauncher.app.NearbySetupActivity,LAUNCH_ACTIVITY]
01-01 00:00:09.439   798   798 I auditd  : type=1400 audit(0.0:96): avc: denied { getattr } for comm="s.customcheckin" path="/data/data/com.google.android.things.customcheckin" dev="mmcblk0p19" ino=723 scontext=u:r:CustomCheckin:s0 tcontext=u:object_r:system_app_data_file:s0 tclass=dir permissive=1
01-01 00:00:09.496   296   307 I am_proc_start: [0,821,10010,com.google.process.gservices,content provider,com.google.android.gsf/.gservices.GservicesProvider]
01-01 00:00:09.562   296   348 I am_proc_bound: [0,821,com.google.process.gservices]
01-01 00:00:09.570   296   318 I am_activity_launch_time: [0,131079773,com.android.iotlauncher.ota/com.google.android.things.iotlauncher.app.NearbySetupActivity,597,1335]
01-01 00:00:09.579   826   826 I auditd  : type=1400 audit(0.0:97): avc: denied { read } for comm="update_engine_c" name="misc" dev="proc" ino=4026532771 scontext=u:r:CustomCheckin:s0 tcontext=u:object_r:proc_misc:s0 tclass=file permissive=1
01-01 00:00:09.579   826   826 I auditd  : type=1400 audit(0.0:98): avc: denied { open } for comm="update_engine_c" path="/proc/misc" dev="proc" ino=4026532771 scontext=u:r:CustomCheckin:s0 tcontext=u:object_r:proc_misc:s0 tclass=file permissive=1
01-01 00:00:09.579   826   826 I auditd  : type=1400 audit(0.0:99): avc: denied { getattr } for comm="update_engine_c" path="/proc/misc" dev="proc" ino=4026532771 scontext=u:r:CustomCheckin:s0 tcontext=u:object_r:proc_misc:s0 tclass=file permissive=1
01-01 00:00:09.590   296   308 I am_stop_activity: [0,38447347,com.android.iotlauncher.ota/com.google.android.things.iotlauncher.app.DefaultIoTLauncher]
01-01 00:00:09.612   697   697 I am_on_stop_called: [0,com.google.android.things.iotlauncher.app.DefaultIoTLauncher,handleStopActivity]
01-01 00:00:09.691   296   444 I am_uid_running: 10012
01-01 00:00:09.704   296   444 I am_proc_start: [0,839,10012,com.android.managedprovisioning,broadcast,com.android.managedprovisioning/.preprovisioning.BootReminder]
01-01 00:00:09.749   444   444 I auditd  : type=1400 audit(0.0:100): avc: denied { ptrace } for comm="Binder:296_5" scontext=u:r:system_server:s0 tcontext=u:r:platform_app:s0:c512,c768 tclass=process permissive=1
01-01 00:00:09.759   296   444 I am_proc_bound: [0,839,com.android.managedprovisioning]
01-01 00:00:09.879   296   308 I am_uid_running: 10011
01-01 00:00:09.891   296   308 I am_proc_start: [0,856,10011,com.android.onetimeinitializer,broadcast,com.android.onetimeinitializer/.OneTimeInitializerReceiver]
01-01 00:00:09.929   444   444 I auditd  : type=1400 audit(0.0:101): avc: denied { ptrace } for comm="Binder:296_5" scontext=u:r:system_server:s0 tcontext=u:r:priv_app:s0:c512,c768 tclass=process permissive=1
01-01 00:00:09.937   296   444 I am_proc_bound: [0,856,com.android.onetimeinitializer]
01-01 00:00:10.016   296   348 I am_uid_running: 10016
01-01 00:00:10.027   296   348 I am_proc_start: [0,875,10016,com.android.packageinstaller,broadcast,com.android.packageinstaller/.TemporaryFileManager]
01-01 00:00:10.068   296   307 I am_proc_bound: [0,875,com.android.packageinstaller]
01-01 00:00:10.294   296   307 I am_uid_running: 10001
01-01 00:00:10.306   296   307 I am_proc_start: [0,890,10001,com.android.providers.calendar,broadcast,com.android.providers.calendar/.CalendarReceiver]
01-01 00:00:10.360   296   443 I am_proc_bound: [0,890,com.android.providers.calendar]
01-01 00:00:10.699   296   348 I am_proc_start: [0,923,10010,com.google.process.gapps,content provider,com.google.android.gsf/.settings.GoogleSettingsProvider]
01-01 00:00:10.749   296   443 I am_proc_bound: [0,923,com.google.process.gapps]
01-01 00:00:11.229   153   153 I auditd  : type=1400 audit(0.0:102): avc: denied { getattr } for comm="main" path="/sys/kernel/debug/tracing/trace_marker" dev="tracefs" ino=47 scontext=u:r:zygote:s0 tcontext=u:object_r:debugfs_tracing:s0 tclass=file permissive=1
01-01 00:00:11.239   957   957 I auditd  : type=1400 audit(0.0:103): avc: denied { write } for comm="main" name="trace_marker" dev="tracefs" ino=47 scontext=u:r:zygote:s0 tcontext=u:object_r:debugfs_tracing:s0 tclass=file permissive=1
01-01 00:00:11.239   957   957 I auditd  : type=1400 audit(0.0:104): avc: denied { open } for comm="main" path="/sys/kernel/debug/tracing/trace_marker" dev="tracefs" ino=47 scontext=u:r:zygote:s0 tcontext=u:object_r:debugfs_tracing:s0 tclass=file permissive=1
01-01 00:00:11.245   296   443 I am_proc_start: [0,957,10010,com.google.android.gms,service,com.google.android.gms/.chimera.GmsIntentOperationService]
01-01 00:00:11.266   296   348 I am_proc_start: [0,962,1000,com.google.android.iot.batterycontrolservice,broadcast,com.google.android.iot.batterycontrolservice/.ServiceBootReceiver]
01-01 00:00:11.299   443   443 I auditd  : type=1400 audit(0.0:105): avc: denied { ptrace } for comm="Binder:296_4" scontext=u:r:system_server:s0 tcontext=u:r:system_app:s0 tclass=process permissive=1
01-01 00:00:11.304   296   443 I am_proc_bound: [0,962,com.google.android.iot.batterycontrolservice]
01-01 00:00:11.317   296   443 I am_proc_bound: [0,957,com.google.android.gms]
01-01 00:00:11.328   296   444 I force_gc: Binder
01-01 00:00:11.535   821   837 I force_gc: Binder
01-01 00:00:11.579   296   307 I am_proc_start: [0,993,1000,com.google.android.iot.connectivity,broadcast,com.google.android.iot.connectivity/.BootReceiver]
01-01 00:00:11.621   296   443 I am_proc_bound: [0,993,com.google.android.iot.connectivity]
01-01 00:00:11.959   296   443 I am_proc_start: [0,1019,1000,com.google.android.things.checkin,broadcast,com.google.android.things.checkin/.BootReceiver]
01-01 00:00:12.020   296   307 I am_proc_bound: [0,1019,com.google.android.things.checkin]
01-01 00:00:12.036   729   946 I force_gc: Binder
01-01 00:00:12.320   957  1015 I dvm_lock_sample: [com.google.android.gms,0,[com.google.android.gms.chimera.GmsIntentOperationService$ChimeraService] operation loader,172,:com.google.android.gms@12520015@12.5.20 (030300-189423146),149,cww com.google.android.chimera.container.ConfigurationManager.a(ctx),-,57,int com.google.android.chimera.container.ConfigurationManager.a(java.util.List, java.util.Set, java.lang.String, java.lang.String, boolean, int),34]
01-01 00:00:12.430   821   906 I force_gc: Binder
01-01 00:00:12.855   296   308 I force_gc: Binder
01-01 00:00:12.905   957  1084 I [70220] : 47122
01-01 00:00:12.992   729   729 I force_gc: Binder
01-01 00:00:13.022   821   837 I force_gc: Binder
01-01 00:00:13.159  1026  1026 I auditd  : type=1400 audit(0.0:106): avc: denied { read } for comm="lowpool[2]" name="stat" dev="proc" ino=4026532797 scontext=u:r:priv_app:s0:c512,c768 tcontext=u:object_r:proc_stat:s0 tclass=file permissive=1
01-01 00:00:13.159  1026  1026 I auditd  : type=1400 audit(0.0:107): avc: denied { open } for comm="lowpool[2]" path="/proc/stat" dev="proc" ino=4026532797 scontext=u:r:priv_app:s0:c512,c768 tcontext=u:object_r:proc_stat:s0 tclass=file permissive=1
01-01 00:00:13.159  1026  1026 I auditd  : type=1400 audit(0.0:108): avc: denied { getattr } for comm="lowpool[2]" path="/proc/stat" dev="proc" ino=4026532797 scontext=u:r:priv_app:s0:c512,c768 tcontext=u:object_r:proc_stat:s0 tclass=file permissive=1
01-01 00:00:13.543   821  1103 I force_gc: Binder
01-01 00:00:13.544   957  1113 I aggregation: 1230768013544
01-01 00:00:13.614   957  1113 I [70220] : [4100,260]
01-01 00:00:13.617   296   307 I am_uid_running: 10002
01-01 00:00:13.638   296   307 I am_proc_start: [0,1128,10002,android.process.acore,content provider,com.android.providers.contacts/.ContactsProvider2]
01-01 00:00:13.700   296   444 I am_proc_bound: [0,1128,android.process.acore]
01-01 00:00:13.705   296   444 I am_uid_active: 10002
01-01 00:00:13.946   729  1150 I gtalk_connection: 16974847
01-01 00:00:14.148   821  1070 I force_gc: Binder
01-01 00:00:14.725   296   444 I am_proc_start: [0,1170,10010,com.google.android.gms.ui,service,com.google.android.gms/.chimera.UiIntentOperationService]
01-01 00:00:14.728   296   308 I dvm_lock_sample: [system_server,1,Binder:296_2,14,ActivityManagerService.java,19835,int com.android.server.am.ActivityManagerService.broadcastIntent(android.app.IApplicationThread, android.content.Intent, java.lang.String, android.content.IIntentReceiver, int, java.lang.String, android.os.Bundle, java.lang.String[], int, android.os.Bundle, boolean, boolean, int),-,18279,android.content.ComponentName com.android.server.am.ActivityManagerService.startService(android.app.IApplicationThread, android.content.Intent, java.lang.String, boolean, java.lang.String, int),2]
01-01 00:00:14.781   296   348 I am_proc_bound: [0,1170,com.google.android.gms.ui]
01-01 00:00:14.925   957  1054 I dvm_lock_sample: [com.google.android.gms,0,[cvd] processing com.google.android.gms.security.snet.SnetGcmSchedulerChimeraIntentService for action com.google.android.gms.security.snet.ACTION_SET_IDLE_PERIOD,160,:com.google.android.gms@12520015@12.5.20 (030300-189423146),8,void cvg.run(),Parcel.java,-2,android.os.IBinder android.os.Parcel.nativeReadStrongBinder(long),32]
01-01 00:00:15.062   296   444 I force_gc: Binder
01-01 00:00:15.399   957  1015 I dvm_lock_sample: [com.google.android.gms,0,[com.google.android.gms.chimera.GmsIntentOperationService$ChimeraService] operation loader,104,:com.google.android.gms@12520015@12.5.20 (030300-189423146),149,cww com.google.android.chimera.container.ConfigurationManager.a(ctx),-,57,int com.google.android.chimera.container.ConfigurationManager.a(java.util.List, java.util.Set, java.lang.String, java.lang.String, boolean, int),20]
01-01 00:00:15.675   296   348 I am_proc_start: [0,1234,10010,com.google.android.gms.unstable,service,com.google.android.gms/.droidguard.DroidGuardService]
01-01 00:00:15.717   296   307 I am_proc_bound: [0,1234,com.google.android.gms.unstable]
01-01 00:00:16.010   821   906 I force_gc: Binder
01-01 00:00:16.519  1269  1269 I auditd  : type=1400 audit(0.0:109): avc: denied { write } for comm="dex2oat" name="trace_marker" dev="tracefs" ino=47 scontext=u:r:priv_app:s0:c512,c768 tcontext=u:object_r:debugfs_tracing:s0 tclass=file permissive=1
01-01 00:00:16.519  1269  1269 I auditd  : type=1400 audit(0.0:110): avc: denied { open } for comm="dex2oat" path="/sys/kernel/debug/tracing/trace_marker" dev="tracefs" ino=47 scontext=u:r:priv_app:s0:c512,c768 tcontext=u:object_r:debugfs_tracing:s0 tclass=file permissive=1
01-01 00:00:17.264   296   444 I force_gc: Binder
01-01 00:00:17.534   821  1103 I force_gc: Binder
01-01 00:00:18.545   296   310 I am_pss  : [697,10035,com.android.iotlauncher.ota,19581952,11292672,0]
01-01 00:00:19.587   957  1113 I [70220] : [5,0,1230768013544,1077,295,5,0,98,0,0,24,0,3703,0,0,0,0,1,227]
01-01 00:00:19.615   957  1113 I [70220] : 7
01-01 00:00:19.618   957  1113 I [70220] : 8
01-01 00:00:19.620   957   957 I force_gc: Binder
01-01 00:00:21.367   729  1324 I gtalk_connection: 16974847
01-01 00:00:21.405   296   310 I am_pss  : [771,10010,com.google.android.gms.nearby.connection,11823104,4345856,0]
01-01 00:00:26.802   296   310 I am_pss  : [452,1002,com.android.bluetooth,13768704,9539584,0]
01-01 00:00:26.849   296   310 I am_pss  : [468,10031,com.android.inputmethod.latin,11730944,8364032,0]
01-01 00:00:28.151   296   369 I netstats_mobile_sample: [0,0,0,0,0,0,0,0,0,0,0,0,-1]
01-01 00:00:28.151   296   369 I netstats_wifi_sample: [0,0,0,0,0,0,0,0,0,0,0,0,-1]
01-01 00:00:28.678   296   296 I notification_enqueue: [1000,296,android,17303299,NULL,0,Notification(channel=NETWORK_AVAILABLE pri=0 contentView=null vibrate=null sound=null tick defaults=0x0 flags=0x100 color=0xff607d8b actions=2 vis=PRIVATE),1]
01-01 00:00:29.779   296   310 I am_pss  : [729,10010,com.google.android.gms.persistent,29412352,17670144,0]
01-01 00:00:31.844   296   310 I am_pss  : [962,1000,com.google.android.iot.batterycontrolservice,3133440,1552384,0]
01-01 00:00:33.857   296   317 I am_uid_running: 10007
01-01 00:00:33.868   296   317 I am_proc_start: [0,1335,10007,com.google.android.ext.services,service,com.google.android.ext.services/android.ext.services.storage.CacheQuotaServiceImpl]
01-01 00:00:33.917   296  1045 I am_proc_bound: [0,1335,com.google.android.ext.services]
01-01 00:00:33.918   296  1045 I am_uid_active: 10007
01-01 00:00:33.985   296   310 I am_pss  : [957,10010,com.google.android.gms,28751872,16740352,0]
01-01 00:00:34.031   296   310 I am_pss  : [993,1000,com.google.android.iot.connectivity,3223552,1601536,0]
01-01 00:00:36.278   729  1352 I gtalk_connection: 16974847
01-01 00:00:43.748   296   310 I am_pss  : [890,10001,com.android.providers.calendar,5108736,3080192,0]
01-01 00:00:43.793   296   310 I am_pss  : [1019,1000,com.google.android.things.checkin,4195328,2719744,0]
01-01 00:00:43.840   296   310 I am_pss  : [749,10006,android.process.media,8663040,4923392,0]
01-01 00:00:43.884   296   310 I am_pss  : [875,10016,com.android.packageinstaller,5253120,3780608,0]
01-01 00:00:43.929   296   310 I am_pss  : [856,10011,com.android.onetimeinitializer,3137536,1609728,0]
01-01 00:00:43.973   296   310 I am_pss  : [839,10012,com.android.managedprovisioning,3878912,2367488,0]
01-01 00:00:44.019   296   310 I am_pss  : [656,10025,com.android.deskclock,6807552,4751360,0]
01-01 00:00:44.064   296   310 I am_pss  : [798,1000,com.google.android.things.customcheckin,3383296,1740800,0]
01-01 00:00:44.109   296   310 I am_pss  : [682,1000,com.android.keychain,3365888,1720320,0]
01-01 00:00:46.952   296   310 I am_pss  : [1128,10002,android.process.acore,10669056,7385088,0]
01-01 00:01:00.047   296   310 I am_pss  : [821,10010,com.google.process.gservices,5017600,2351104,0]
01-01 00:01:00.094   296   310 I am_pss  : [923,10010,com.google.process.gapps,5586944,2703360,0]
01-01 00:01:00.146   296   310 I am_pss  : [1234,10010,com.google.android.gms.unstable,45085696,36610048,0]
01-01 00:01:00.195   296   310 I am_pss  : [1170,10010,com.google.android.gms.ui,9995264,3039232,0]
01-01 00:01:06.097   729  1364 I gtalk_connection: 16974847
01-01 00:01:06.137   296   310 I am_pss  : [1335,10007,com.google.android.ext.services,3633152,1667072,0]
01-01 00:01:16.493   296   311 I am_uid_idle: 10002
01-01 00:01:18.122   296   296 I notification_enqueue: [1000,296,android,17303299,NULL,0,Notification(channel=NETWORK_AVAILABLE pri=0 contentView=null vibrate=null sound=null tick defaults=0x0 flags=0x100 color=0xff607d8b actions=2 vis=PRIVATE),1]
01-01 00:01:22.395   296   377 I netstats_mobile_sample: [0,0,0,0,0,0,0,0,0,0,0,0,-1]
01-01 00:01:22.395   296   377 I netstats_wifi_sample: [0,0,0,0,0,0,0,0,0,0,0,0,-1]
01-01 00:01:22.400   296   377 I netstats_mobile_sample: [0,0,0,0,0,0,0,0,0,0,0,0,-1]
01-01 00:01:22.400   296   377 I netstats_wifi_sample: [0,0,0,0,0,0,0,0,0,0,0,0,-1]
01-01 00:01:22.433   296   549 I ntp_failure: [time.android.com,java.net.UnknownHostException: Unable to resolve host "time.android.com": No address associated with hostname]
01-01 00:01:22.438   296   370 I ntp_failure: [time.android.com,java.net.UnknownHostException: Unable to resolve host "time.android.com": No address associated with hostname]
01-01 00:01:22.450   729  1376 I gtalk_connection: 16974601
01-01 00:01:23.145   957  1410 I aggregation: 1230768083145
01-01 00:01:52.464     0     0 D logd    : logdr: UID=10010 GID=10010 PID=957 n tail=0 logMask=4 pid=0 start=0ns timeout=0ns
01-01 00:01:23.157   957  1410 I [70220] : [4100,19]
01-01 00:01:24.535  1234  1261 I dvm_lock_sample: [com.google.android.gms.unstable,0,Binder:1234_3,1060,:com.google.android.gms@12520015@12.5.20 (030300-189423146),1,java.lang.Class lxb.a(lxb, java.lang.String),GLES20.java,-2,void android.opengl.GLES20.glDrawArrays(int, int, int),100]
01-01 00:01:25.926   957  1410 I [70220] : [5,0,1230768013544,89,125,4,0,7,0,0,16,0,2436,0,0,1,0,2,58]
01-01 00:01:25.936   957  1410 I [70220] : 7
01-01 00:01:25.938   957  1410 I [70220] : 8
01-01 00:01:28.059   296   348 I force_gc: Binder
01-01 00:01:31.673   729  1445 I gtalk_connection: 16974601
01-01 00:01:33.967   296   311 I am_uid_idle: 10007
01-01 00:01:50.111   729  1452 I gtalk_connection: 16974601
01-01 00:02:00.089   296   310 I am_pss  : [296,1000,system,71854080,60715008,0]
01-01 00:02:00.135   296   310 I am_pss  : [821,10010,com.google.process.gservices,4963328,2379776,0]
01-01 00:02:00.181   296   310 I am_pss  : [923,10010,com.google.process.gapps,5435392,2609152,0]
01-01 00:02:26.976   729  1463 I gtalk_connection: 16974601
01-01 00:02:27.019   296   310 I am_pss  : [771,10010,com.google.android.gms.nearby.connection,11730944,4345856,0]
01-01 00:02:27.069   296   310 I am_pss  : [697,10035,com.android.iotlauncher.ota,19503104,11296768,0]
01-01 00:02:27.121   296   310 I am_pss  : [1234,10010,com.google.android.gms.unstable,47152128,38744064,0]
01-01 00:02:27.166   296   310 I am_pss  : [477,10009,com.android.iot.systemui,3945472,1871872,0]
01-01 00:02:27.210   296   310 I am_pss  : [405,1000,com.google.android.things.internal.bluetooth,3959808,2183168,0]
01-01 00:02:27.255   296   310 I am_pss  : [395,1000,com.google.android.things.internal.devicemanagement,5727232,2629632,0]
01-01 00:02:27.299   296   310 I am_pss  : [400,1000,com.google.android.things.internal.media,3632128,1724416,0]
01-01 00:02:37.602   296   549 I ntp_failure: [time.android.com,java.net.UnknownHostException: Unable to resolve host "time.android.com": No address associated with hostname]
01-01 00:02:38.805   957  1472 I dvm_lock_sample: [com.google.android.gms,0,[com.google.android.gms.chimera.GmsIntentOperationService$ChimeraService] operation loader,705,:com.google.android.gms@12520015@12.5.20 (030300-189423146),149,cww com.google.android.chimera.container.ConfigurationManager.a(ctx),-,57,int com.google.android.chimera.container.ConfigurationManager.a(java.util.List, java.util.Set, java.lang.String, java.lang.String, boolean, int),100]
01-01 00:03:27.489  1479  1479 I auditd  : type=1400 audit(0.0:111): avc: denied { write } for comm="->host-12" name="trace_marker" dev="tracefs" ino=47 scontext=u:r:adbd:s0 tcontext=u:object_r:debugfs_tracing:s0 tclass=file permissive=1
01-01 00:03:27.489  1479  1479 I auditd  : type=1400 audit(0.0:112): avc: denied { open } for comm="->host-12" path="/sys/kernel/debug/tracing/trace_marker" dev="tracefs" ino=47 scontext=u:r:adbd:s0 tcontext=u:object_r:debugfs_tracing:s0 tclass=file permissive=1
01-01 00:03:27.539  1481  1481 I auditd  : type=1400 audit(0.0:113): avc: denied { open } for comm="getprop" path="/dev/__properties__/u:object_r:oem_key1_prop:s0" dev="tmpfs" ino=1683 scontext=u:r:shell:s0 tcontext=u:object_r:oem_key1_prop:s0 tclass=file permissive=1
01-01 00:03:27.539  1481  1481 I auditd  : type=1400 audit(0.0:114): avc: denied { getattr } for comm="getprop" path="/dev/__properties__/u:object_r:oem_key1_prop:s0" dev="tmpfs" ino=1683 scontext=u:r:shell:s0 tcontext=u:object_r:oem_key1_prop:s0 tclass=file permissive=1
01-01 00:03:27.539  1481  1481 I auditd  : type=1400 audit(0.0:115): avc: denied { open } for comm="getprop" path="/dev/__properties__/u:object_r:metricsd_prop:s0" dev="tmpfs" ino=1684 scontext=u:r:shell:s0 tcontext=u:object_r:metricsd_prop:s0 tclass=file permissive=1
01-01 00:03:27.539  1481  1481 I auditd  : type=1400 audit(0.0:116): avc: denied { getattr } for comm="getprop" path="/dev/__properties__/u:object_r:metricsd_prop:s0" dev="tmpfs" ino=1684 scontext=u:r:shell:s0 tcontext=u:object_r:metricsd_prop:s0 tclass=file permissive=1
01-01 00:03:27.539  1481  1481 I auditd  : type=1400 audit(0.0:117): avc: denied { open } for comm="getprop" path="/dev/__properties__/u:object_r:iot_lowpan_prop:s0" dev="tmpfs" ino=1686 scontext=u:r:shell:s0 tcontext=u:object_r:iot_lowpan_prop:s0 tclass=file permissive=1
01-01 00:03:27.539  1481  1481 I auditd  : type=1400 audit(0.0:118): avc: denied { getattr } for comm="getprop" path="/dev/__properties__/u:object_r:iot_lowpan_prop:s0" dev="tmpfs" ino=1686 scontext=u:r:shell:s0 tcontext=u:object_r:iot_lowpan_prop:s0 tclass=file permissive=1
01-01 00:03:27.539  1481  1481 I auditd  : type=1400 audit(0.0:119): avc: denied { open } for comm="getprop" path="/dev/__properties__/u:object_r:wifi_prop:s0" dev="tmpfs" ino=1688 scontext=u:r:shell:s0 tcontext=u:object_r:wifi_prop:s0 tclass=file permissive=1
01-01 00:03:27.539  1481  1481 I auditd  : type=1400 audit(0.0:120): avc: denied { getattr } for comm="getprop" path="/dev/__properties__/u:object_r:wifi_prop:s0" dev="tmpfs" ino=1688 scontext=u:r:shell:s0 tcontext=u:object_r:wifi_prop:s0 tclass=file permissive=1
01-01 00:03:27.539  1481  1481 I auditd  : type=1400 audit(0.0:121): avc: denied { open } for comm="getprop" path="/dev/__properties__/u:object_r:firstboot_prop:s0" dev="tmpfs" ino=1696 scontext=u:r:shell:s0 tcontext=u:object_r:firstboot_prop:s0 tclass=file permissive=1
01-01 00:03:27.539  1481  1481 I auditd  : type=1400 audit(0.0:122): avc: denied { getattr } for comm="getprop" path="/dev/__properties__/u:object_r:firstboot_prop:s0" dev="tmpfs" ino=1696 scontext=u:r:shell:s0 tcontext=u:object_r:firstboot_prop:s0 tclass=file permissive=1
01-01 00:03:27.539  1481  1481 I auditd  : type=1400 audit(0.0:123): avc: denied { open } for comm="getprop" path="/dev/__properties__/u:object_r:persistent_properties_ready_prop:s0" dev="tmpfs" ino=1697 scontext=u:r:shell:s0 tcontext=u:object_r:persistent_properties_ready_prop:s0 tclass=file permissive=1
01-01 00:03:27.539  1481  1481 I auditd  : type=1400 audit(0.0:124): avc: denied { getattr } for comm="getprop" path="/dev/__properties__/u:object_r:persistent_properties_ready_prop:s0" dev="tmpfs" ino=1697 scontext=u:r:shell:s0 tcontext=u:object_r:persistent_properties_ready_prop:s0 tclass=file permissive=1
01-01 00:03:27.539  1481  1481 I auditd  : type=1400 audit(0.0:125): avc: denied { open } for comm="getprop" path="/dev/__properties__/u:object_r:boottime_prop:s0" dev="tmpfs" ino=1700 scontext=u:r:shell:s0 tcontext=u:object_r:boottime_prop:s0 tclass=file permissive=1
01-01 00:03:27.539  1481  1481 I auditd  : type=1400 audit(0.0:126): avc: denied { getattr } for comm="getprop" path="/dev/__properties__/u:object_r:boottime_prop:s0" dev="tmpfs" ino=1700 scontext=u:r:shell:s0 tcontext=u:object_r:boottime_prop:s0 tclass=file permissive=1
01-01 00:03:27.539  1481  1481 I auditd  : type=1400 audit(0.0:127): avc: denied { open } for comm="getprop" path="/dev/__properties__/u:object_r:overlay_prop:s0" dev="tmpfs" ino=1702 scontext=u:r:shell:s0 tcontext=u:object_r:overlay_prop:s0 tclass=file permissive=1
01-01 00:03:27.539  1481  1481 I auditd  : type=1400 audit(0.0:128): avc: denied { getattr } for comm="getprop" path="/dev/__properties__/u:object_r:overlay_prop:s0" dev="tmpfs" ino=1702 scontext=u:r:shell:s0 tcontext=u:object_r:overlay_prop:s0 tclass=file permissive=1
01-01 00:03:27.539  1481  1481 I auditd  : type=1400 audit(0.0:129): avc: denied { open } for comm="getprop" path="/dev/__properties__/u:object_r:safemode_prop:s0" dev="tmpfs" ino=1703 scontext=u:r:shell:s0 tcontext=u:object_r:safemode_prop:s0 tclass=file permissive=1
01-01 00:03:27.539  1481  1481 I auditd  : type=1400 audit(0.0:130): avc: denied { getattr } for comm="getprop" path="/dev/__properties__/u:object_r:safemode_prop:s0" dev="tmpfs" ino=1703 scontext=u:r:shell:s0 tcontext=u:object_r:safemode_prop:s0 tclass=file permissive=1
01-01 00:03:27.539  1481  1481 I auditd  : type=1400 audit(0.0:131): avc: denied { open } for comm="getprop" path="/dev/__properties__/u:object_r:netd_stable_secret_prop:s0" dev="tmpfs" ino=1704 scontext=u:r:shell:s0 tcontext=u:object_r:netd_stable_secret_prop:s0 tclass=file permissive=1
01-01 00:03:27.539  1481  1481 I auditd  : type=1400 audit(0.0:132): avc: denied { getattr } for comm="getprop" path="/dev/__properties__/u:object_r:netd_stable_secret_prop:s0" dev="tmpfs" ino=1704 scontext=u:r:shell:s0 tcontext=u:object_r:netd_stable_secret_prop:s0 tclass=file permissive=1
01-01 00:03:27.539  1481  1481 I auditd  : type=1400 audit(0.0:133): avc: denied { open } for comm="getprop" path="/dev/__properties__/u:object_r:mmc_prop:s0" dev="tmpfs" ino=1705 scontext=u:r:shell:s0 tcontext=u:object_r:mmc_prop:s0 tclass=file permissive=1
01-01 00:03:27.539  1481  1481 I auditd  : type=1400 audit(0.0:134): avc: denied { getattr } for comm="getprop" path="/dev/__properties__/u:object_r:mmc_prop:s0" dev="tmpfs" ino=1705 scontext=u:r:shell:s0 tcontext=u:object_r:mmc_prop:s0 tclass=file permissive=1
01-01 00:03:27.539  1481  1481 I auditd  : type=1400 audit(0.0:135): avc: denied { open } for comm="getprop" path="/dev/__properties__/u:object_r:net_dns_prop:s0" dev="tmpfs" ino=1711 scontext=u:r:shell:s0 tcontext=u:object_r:net_dns_prop:s0 tclass=file permissive=1
01-01 00:03:27.539  1481  1481 I auditd  : type=1400 audit(0.0:136): avc: denied { getattr } for comm="getprop" path="/dev/__properties__/u:object_r:net_dns_prop:s0" dev="tmpfs" ino=1711 scontext=u:r:shell:s0 tcontext=u:object_r:net_dns_prop:s0 tclass=file permissive=1
01-01 00:03:27.539  1481  1481 I auditd  : type=1400 audit(0.0:137): avc: denied { open } for comm="getprop" path="/dev/__properties__/u:object_r:lowpan_prop:s0" dev="tmpfs" ino=1713 scontext=u:r:shell:s0 tcontext=u:object_r:lowpan_prop:s0 tclass=file permissive=1
01-01 00:03:27.539  1481  1481 I auditd  : type=1400 audit(0.0:138): avc: denied { getattr } for comm="getprop" path="/dev/__properties__/u:object_r:lowpan_prop:s0" dev="tmpfs" ino=1713 scontext=u:r:shell:s0 tcontext=u:object_r:lowpan_prop:s0 tclass=file permissive=1
01-01 00:03:27.539  1481  1481 I auditd  : type=1400 audit(0.0:139): avc: denied { open } for comm="getprop" path="/dev/__properties__/u:object_r:dumpstate_options_prop:s0" dev="tmpfs" ino=1721 scontext=u:r:shell:s0 tcontext=u:object_r:dumpstate_options_prop:s0 tclass=file permissive=1
01-01 00:03:27.539  1481  1481 I auditd  : type=1400 audit(0.0:140): avc: denied { getattr } for comm="getprop" path="/dev/__properties__/u:object_r:dumpstate_options_prop:s0" dev="tmpfs" ino=1721 scontext=u:r:shell:s0 tcontext=u:object_r:dumpstate_options_prop:s0 tclass=file permissive=1
01-01 00:03:27.539  1481  1481 I auditd  : type=1400 audit(0.0:141): avc: denied { open } for comm="getprop" path="/dev/__properties__/u:object_r:bluetooth_prop:s0" dev="tmpfs" ino=1729 scontext=u:r:shell:s0 tcontext=u:object_r:bluetooth_prop:s0 tclass=file permissive=1
01-01 00:03:27.539  1481  1481 I auditd  : type=1400 audit(0.0:142): avc: denied { getattr } for comm="getprop" path="/dev/__properties__/u:object_r:bluetooth_prop:s0" dev="tmpfs" ino=1729 scontext=u:r:shell:s0 tcontext=u:object_r:bluetooth_prop:s0 tclass=file permissive=1
01-01 00:03:56.997     0     0 D logd    : logdr: UID=2000 GID=2000 PID=1485 b tail=0 logMask=19 pid=0 start=0ns timeout=0ns
01-01 00:03:39.275   296   549 I ntp_failure: [time.android.com,java.net.UnknownHostException: Unable to resolve host "time.android.com": No address associated with hostname]
01-01 00:03:39.299  1086  1086 I auditd  : type=1400 audit(0.0:143): avc: denied { ptrace } for comm="Binder:296_8" scontext=u:r:system_server:s0 tcontext=u:r:priv_app:s0:c512,c768 tclass=process permissive=1
01-01 00:03:40.692   729  1527 I gtalk_connection: 16974601
01-01 00:04:02.314   296   322 I am_uid_running: 10004
01-01 00:04:02.309   153   153 I auditd  : type=1400 audit(0.0:144): avc: denied { getattr } for comm="main" path="/sys/kernel/debug/tracing/trace_marker" dev="tracefs" ino=47 scontext=u:r:zygote:s0 tcontext=u:object_r:debugfs_tracing:s0 tclass=file permissive=1
01-01 00:04:02.319  1597  1597 I auditd  : type=1400 audit(0.0:145): avc: denied { write } for comm="main" name="trace_marker" dev="tracefs" ino=47 scontext=u:r:zygote:s0 tcontext=u:object_r:debugfs_tracing:s0 tclass=file permissive=1
01-01 00:04:02.319  1597  1597 I auditd  : type=1400 audit(0.0:146): avc: denied { open } for comm="main" path="/sys/kernel/debug/tracing/trace_marker" dev="tracefs" ino=47 scontext=u:r:zygote:s0 tcontext=u:object_r:debugfs_tracing:s0 tclass=file permissive=1
01-01 00:04:02.328   296   322 I am_proc_start: [0,1597,10004,com.android.defcontainer,service,com.android.defcontainer/.DefaultContainerService]
01-01 00:04:02.379   296  1086 I am_proc_bound: [0,1597,com.android.defcontainer]
01-01 00:04:02.381   296  1086 I am_uid_active: 10004
01-01 00:04:02.549  1613  1613 I auditd  : type=1400 audit(0.0:147): avc: denied { write } for comm="dex2oat" name="trace_marker" dev="tracefs" ino=47 scontext=u:r:dex2oat:s0 tcontext=u:object_r:debugfs_tracing:s0 tclass=file permissive=1
01-01 00:04:02.549  1613  1613 I auditd  : type=1400 audit(0.0:148): avc: denied { open } for comm="dex2oat" path="/sys/kernel/debug/tracing/trace_marker" dev="tracefs" ino=47 scontext=u:r:dex2oat:s0 tcontext=u:object_r:debugfs_tracing:s0 tclass=file permissive=1
01-01 00:04:06.376   296   317 I dvm_lock_sample: [system_server,0,android.io,941,PackageManagerService.java,25600,void com.android.server.pm.PackageManagerService$PackageManagerInternalImpl.grantEphemeralAccess(int, android.content.Intent, int, int),-,18435,void com.android.server.pm.PackageManagerService.updateSettingsInternalLI(android.content.pm.PackageParser$Package, java.lang.String, int[], int[], com.android.server.pm.PackageManagerService$PackageInstalledInfo, android.os.UserHandle, int),100]
01-01 00:04:06.609   296   317 I dvm_lock_sample: [system_server,0,android.io,233,PackageManagerService.java,25600,void com.android.server.pm.PackageManagerService$PackageManagerInternalImpl.grantEphemeralAccess(int, android.content.Intent, int, int),-,18447,void com.android.server.pm.PackageManagerService.updateSettingsInternalLI(android.content.pm.PackageParser$Package, java.lang.String, int[], int[], com.android.server.pm.PackageManagerService$PackageInstalledInfo, android.os.UserHandle, int),46]
01-01 00:04:06.610   296   316 I dvm_lock_sample: [system_server,0,android.fg,216,ActivityManagerService.java,23624,void com.android.server.am.ActivityManagerService.monitor(),-,18428,int com.android.server.am.ActivityManagerService.bindService(android.app.IApplicationThread, android.os.IBinder, android.content.Intent, java.lang.String, android.app.IServiceConnection, int, java.lang.String, int),43]
01-01 00:04:06.619   296   322 I sysui_action: [631,com.salo.android.arduinointegration]
01-01 00:04:06.619   296   322 I sysui_multi_action: [757,631,758,4,806,com.salo.android.arduinointegration]
01-01 00:04:06.621   296   322 I unknown_sources_enabled: 1
01-01 00:04:06.675   296   296 I notification_cancel_all: [1000,296,com.salo.android.arduinointegration,0,0,0,5,NULL]
01-01 00:04:07.014   296   443 I wm_stack_created: 1
01-01 00:04:07.014   296   443 I wm_task_created: [3,1]
01-01 00:04:07.015   296   443 I wm_task_moved: [3,1,0]
01-01 00:04:07.015   296   443 I am_focused_stack: [0,1,0,reuseOrNewTask]
01-01 00:04:07.015   296   443 I wm_task_moved: [3,1,0]
01-01 00:04:07.016   296   443 I am_create_task: [0,3]
01-01 00:04:07.016   296   443 I am_create_activity: [0,145473264,3,com.salo.android.arduinointegration/.MainActivity,android.intent.action.MAIN,NULL,NULL,268435456]
01-01 00:04:07.016   296   443 I wm_task_moved: [3,1,0]
01-01 00:04:07.017   296   443 I am_pause_activity: [0,131079773,com.android.iotlauncher.ota/com.google.android.things.iotlauncher.app.NearbySetupActivity]
01-01 00:04:07.022   697   697 I am_on_paused_called: [0,com.google.android.things.iotlauncher.app.NearbySetupActivity,handlePauseActivity]
01-01 00:04:07.023   296  1086 I am_uid_running: 10036
01-01 00:04:07.041   296  1086 I am_proc_start: [0,1669,10036,com.salo.android.arduinointegration,activity,com.salo.android.arduinointegration/.MainActivity]
01-01 00:04:07.044   296   311 I sysui_count: [window_time_0,238]
01-01 00:04:07.044   296   311 I sysui_multi_action: [757,803,799,window_time_0,802,238]
01-01 00:04:07.039   311   311 I auditd  : type=1400 audit(0.0:149): avc: denied { ptrace } for comm="ActivityManager" scontext=u:r:system_server:s0 tcontext=u:r:untrusted_app:s0:c512,c768 tclass=process permissive=1
01-01 00:04:07.186   296   308 I am_proc_bound: [0,1669,com.salo.android.arduinointegration]
01-01 00:04:07.192   296   308 I am_uid_active: 10036
01-01 00:04:07.192   296   308 I am_restart_activity: [0,145473264,3,com.salo.android.arduinointegration/.MainActivity]
01-01 00:04:07.194   296   308 I am_set_resumed_activity: [0,com.salo.android.arduinointegration/.MainActivity,minimalResumeActivityLocked]
01-01 00:04:08.192   957  1124 I force_gc: Binder
01-01 00:04:09.930  1669  1669 I am_on_resume_called: [0,com.salo.android.arduinointegration.MainActivity,LAUNCH_ACTIVITY]
01-01 00:04:10.820   296   318 I sysui_multi_action: [319,194,321,180,322,3813,325,276,757,761,758,7,759,1,806,com.salo.android.arduinointegration,871,com.salo.android.arduinointegration.MainActivity,905,0,945,182]
01-01 00:04:10.820   296   318 I am_activity_launch_time: [0,145473264,com.salo.android.arduinointegration/.MainActivity,3795,3795]
01-01 00:04:10.851   296   443 I am_stop_activity: [0,131079773,com.android.iotlauncher.ota/com.google.android.things.iotlauncher.app.NearbySetupActivity]
01-01 00:04:10.852   697   697 I am_on_stop_called: [0,com.google.android.things.iotlauncher.app.NearbySetupActivity,handleStopActivity]
01-01 00:04:10.855   296   296 I notification_enqueue: [1000,296,android,40,NULL,0,Notification(channel=FOREGROUND_SERVICE pri=0 contentView=null vibrate=null sound=null defaults=0x0 flags=0x2 color=0xff607d8b vis=PRIVATE),0]
01-01 00:04:12.499   322   322 I auditd  : type=1400 audit(0.0:150): avc: denied { ptrace } for comm="PackageManager" scontext=u:r:system_server:s0 tcontext=u:r:platform_app:s0:c512,c768 tclass=process permissive=1
01-01 00:04:19.873   296   310 I am_pss  : [1669,10036,com.salo.android.arduinointegration,15852544,8802304,0]
01-01 00:04:35.155   296   310 I am_pss  : [771,10010,com.google.android.gms.nearby.connection,11617280,4419584,0]
01-01 00:04:35.204   296   310 I am_pss  : [697,10035,com.android.iotlauncher.ota,16299008,10051584,0]
01-01 00:04:59.968   296   443 I am_uid_stopped: 10036
01-01 00:04:59.969   296   443 I am_kill : [0,1669,com.salo.android.arduinointegration,0,stop com.salo.android.arduinointegration]
01-01 00:04:59.970   296   443 I am_finish_activity: [0,145473264,3,com.salo.android.arduinointegration/.MainActivity,proc died without state saved]
01-01 00:04:59.975   296   443 I wm_task_removed: [3,removeAppToken: last token]
01-01 00:04:59.976   296   443 I am_focused_stack: [0,0,1,appDied]
01-01 00:04:59.977   296   443 I wm_task_moved: [2,1,0]
01-01 00:04:59.979   296   443 I wm_task_removed: [3,removeTask]
01-01 00:04:59.979   296   443 I wm_stack_removed: 1
01-01 00:04:59.969   443   443 I auditd  : type=1400 audit(0.0:151): avc: denied { ptrace } for comm="Binder:296_4" scontext=u:r:system_server:s0 tcontext=u:r:untrusted_app:s0:c512,c768 tclass=process permissive=1
01-01 00:04:59.981   296   443 I am_set_resumed_activity: [0,com.android.iotlauncher.ota/com.google.android.things.iotlauncher.app.NearbySetupActivity,resumeTopActivityInnerLocked]
01-01 00:04:59.984   296   443 I am_resume_activity: [0,131079773,2,com.android.iotlauncher.ota/com.google.android.things.iotlauncher.app.NearbySetupActivity]
01-01 00:04:59.989   296   311 I sysui_count: [window_time_0,53]
01-01 00:04:59.989   296   311 I sysui_multi_action: [757,803,799,window_time_0,802,53]
01-01 00:04:59.993   296   296 I sysui_multi_action: [757,128,758,5,759,8,793,49138,794,0,795,49138,796,40,806,android,857,FOREGROUND_SERVICE,858,2,947,0]
01-01 00:04:59.993   296   296 I notification_canceled: [0|android|40|null|1000,8,49138,49138,0,NULL]
01-01 00:04:59.998   296   296 I notification_cancel_all: [1000,296,com.salo.android.arduinointegration,0,0,0,5,NULL]
01-01 00:05:00.003   697   697 I am_on_resume_called: [0,com.google.android.things.iotlauncher.app.NearbySetupActivity,RESUME_ACTIVITY]
01-01 00:05:29.332     0     0 E binder  : 1669: binder_alloc_buf, no vma
01-01 00:05:29.332     0     0 I binder  : 296:1061 transaction failed 29201, size 108-0
01-01 00:05:29.332     0     0 E binder  : 1669: binder_alloc_buf, no vma
01-01 00:05:29.332     0     0 I binder  : 296:1061 transaction failed 29201, size 108-0
01-01 00:05:29.342     0     0 I binder  : undelivered transaction 41119
01-01 00:05:29.342     0     0 I binder  : undelivered transaction 41102
01-01 00:05:00.050   296   310 I am_pss  : [821,10010,com.google.process.gservices,4925440,2400256,0]
01-01 00:05:00.097   296   310 I am_pss  : [1597,10004,com.android.defcontainer,4018176,2101248,0]
01-01 00:05:04.324   296   296 I notification_cancel_all: [1000,296,com.salo.android.arduinointegration,0,0,0,5,NULL]
01-01 00:05:04.456   296   443 I wm_stack_created: 1
01-01 00:05:04.457   296   443 I wm_task_created: [4,1]
01-01 00:05:04.457   296   443 I wm_task_moved: [4,1,0]
01-01 00:05:04.457   296   443 I am_focused_stack: [0,1,0,reuseOrNewTask]
01-01 00:05:04.457   296   443 I wm_task_moved: [4,1,0]
01-01 00:05:04.458   296   443 I am_create_task: [0,4]
01-01 00:05:04.458   296   443 I am_create_activity: [0,194051904,4,com.salo.android.arduinointegration/.MainActivity,android.intent.action.MAIN,NULL,NULL,268435456]
01-01 00:05:04.458   296   443 I wm_task_moved: [4,1,0]
01-01 00:05:04.459   296   443 I am_pause_activity: [0,131079773,com.android.iotlauncher.ota/com.google.android.things.iotlauncher.app.NearbySetupActivity]
01-01 00:05:04.467   697   697 I am_on_paused_called: [0,com.google.android.things.iotlauncher.app.NearbySetupActivity,handlePauseActivity]
01-01 00:05:04.469   296   307 I am_uid_running: 10036
01-01 00:05:04.483   296   307 I am_proc_start: [0,1758,10036,com.salo.android.arduinointegration,activity,com.salo.android.arduinointegration/.MainActivity]
01-01 00:05:04.486   296   311 I sysui_count: [window_time_0,4]
01-01 00:05:04.486   296   311 I sysui_multi_action: [757,803,799,window_time_0,802,4]
01-01 00:05:04.583   296  1086 I am_proc_bound: [0,1758,com.salo.android.arduinointegration]
01-01 00:05:04.588   296  1086 I am_uid_active: 10036
01-01 00:05:04.589   296  1086 I am_restart_activity: [0,194051904,4,com.salo.android.arduinointegration/.MainActivity]
01-01 00:05:04.591   296  1086 I am_set_resumed_activity: [0,com.salo.android.arduinointegration/.MainActivity,minimalResumeActivityLocked]
01-01 00:05:34.048     0     0 D logd    : logdr: UID=2000 GID=2000 PID=1774 b tail=0 logMask=19 pid=0 start=0ns timeout=0ns
01-01 00:05:05.177  1758  1758 I am_on_resume_called: [0,com.salo.android.arduinointegration.MainActivity,LAUNCH_ACTIVITY]
01-01 00:05:05.330   296   318 I sysui_multi_action: [319,144,321,43,322,869,325,333,757,761,758,7,759,1,806,com.salo.android.arduinointegration,871,com.salo.android.arduinointegration.MainActivity,905,0,945,129]
01-01 00:05:05.330   296   318 I am_activity_launch_time: [0,194051904,com.salo.android.arduinointegration/.MainActivity,855,855]
01-01 00:05:05.368   296  1061 I am_stop_activity: [0,131079773,com.android.iotlauncher.ota/com.google.android.things.iotlauncher.app.NearbySetupActivity]
01-01 00:05:05.369   697   697 I am_on_stop_called: [0,com.google.android.things.iotlauncher.app.NearbySetupActivity,handleStopActivity]
01-01 00:05:05.371   296   296 I notification_enqueue: [1000,296,android,40,NULL,0,Notification(channel=FOREGROUND_SERVICE pri=0 contentView=null vibrate=null sound=null defaults=0x0 flags=0x2 color=0xff607d8b vis=PRIVATE),0]
01-01 00:05:12.508   296   311 I am_uid_idle: 10004
01-01 00:05:17.600   296   549 I ntp_failure: [time.android.com,java.net.UnknownHostException: Unable to resolve host "time.android.com": No address associated with hostname]
01-01 00:05:17.642   296   310 I am_pss  : [1758,10036,com.salo.android.arduinointegration,17236992,10186752,0]
01-01 00:05:17.959  1061  1061 I auditd  : type=1400 audit(0.0:152): avc: denied { ptrace } for comm="Binder:296_7" scontext=u:r:system_server:s0 tcontext=u:r:priv_app:s0:c512,c768 tclass=process permissive=1
