01-01 01:14:20.884  2818  2826 W MessageQueue: 	at android.os.Binder.execTransact(Binder.java:697)
01-01 01:14:20.885  2818  2818 I app_process: System.exit called, status: 0
01-01 01:14:20.885  2818  2818 I AndroidRuntime: VM exiting with result code 0.
01-01 01:14:21.850   296   451 E TaskPersister: File error accessing recents directory (directory doesn't exist?).
01-01 01:14:37.933   296   549 I ntp_failure: [time.android.com,java.net.UnknownHostException: Unable to resolve host "time.android.com": No address associated with hostname]
01-01 01:14:37.933   296   549 D SntpClient: request time failed: java.net.UnknownHostException: Unable to resolve host "time.android.com": No address associated with hostname
01-01 01:14:37.977   296   310 I am_pss  : [697,10035,com.android.iotlauncher.ota,18829312,11014144,0]
01-01 01:14:38.027   296   310 I am_pss  : [771,10010,com.google.android.gms.nearby.connection,13523968,4558848,0]
01-01 01:14:47.051   296   308 I ActivityManager: Force stopping com.salo.android.arduinointegration appid=10036 user=0: from pid 2835
01-01 01:14:47.055   296   296 I notification_cancel_all: [1000,296,com.salo.android.arduinointegration,0,0,0,5,NULL]
01-01 01:14:47.415   296  1061 I ActivityManager: START u0 {act=android.intent.action.MAIN cat=[android.intent.category.LAUNCHER] flg=0x10000000 cmp=com.salo.android.arduinointegration/.MainActivity} from uid 2000
01-01 01:14:47.416   296  1061 I wm_stack_created: 1
01-01 01:14:47.416   296  1061 I wm_task_created: [10,1]
01-01 01:14:47.417   296  1061 I wm_task_moved: [10,1,0]
01-01 01:14:47.417   296  1061 I am_focused_stack: [0,1,0,reuseOrNewTask]
01-01 01:14:47.417   296  1061 I wm_task_moved: [10,1,0]
01-01 01:14:47.417   296  1061 I am_create_task: [0,10]
01-01 01:14:47.417   296  1061 I am_create_activity: [0,186794906,10,com.salo.android.arduinointegration/.MainActivity,android.intent.action.MAIN,NULL,NULL,268435456]
01-01 01:14:47.418   296  1061 I wm_task_moved: [10,1,0]
01-01 01:14:47.436   296  1061 I am_pause_activity: [0,131079773,com.android.iotlauncher.ota/com.google.android.things.iotlauncher.app.NearbySetupActivity]
01-01 01:14:47.439   697   697 I am_on_paused_called: [0,com.google.android.things.iotlauncher.app.NearbySetupActivity,handlePauseActivity]
01-01 01:14:47.440   296  1045 I am_uid_running: 10036
01-01 01:14:47.439   153   153 I auditd  : type=1400 audit(0.0:225): avc: denied { getattr } for comm="main" path="/sys/kernel/debug/tracing/trace_marker" dev="tracefs" ino=47 scontext=u:r:zygote:s0 tcontext=u:object_r:debugfs_tracing:s0 tclass=file permissive=1
01-01 01:14:47.439   153   153 I main    : type=1400 audit(0.0:225): avc: denied { getattr } for path="/sys/kernel/debug/tracing/trace_marker" dev="tracefs" ino=47 scontext=u:r:zygote:s0 tcontext=u:object_r:debugfs_tracing:s0 tclass=file permissive=1
01-01 01:14:47.456   296  1045 I am_proc_start: [0,2843,10036,com.salo.android.arduinointegration,activity,com.salo.android.arduinointegration/.MainActivity]
01-01 01:14:47.456   296  1045 I ActivityManager: Start proc 2843:com.salo.android.arduinointegration/u0a36 for activity com.salo.android.arduinointegration/.MainActivity
01-01 01:14:47.459   172   553 D gralloc : Registering a buffer in the process that created it. This may cause memory ordering problems.
01-01 01:14:47.449  2843  2843 I auditd  : type=1400 audit(0.0:226): avc: denied { write } for comm="main" name="trace_marker" dev="tracefs" ino=47 scontext=u:r:zygote:s0 tcontext=u:object_r:debugfs_tracing:s0 tclass=file permissive=1
01-01 01:14:47.449  2843  2843 I main    : type=1400 audit(0.0:226): avc: denied { write } for name="trace_marker" dev="tracefs" ino=47 scontext=u:r:zygote:s0 tcontext=u:object_r:debugfs_tracing:s0 tclass=file permissive=1
01-01 01:14:47.460   296   311 I sysui_count: [window_time_0,28]
01-01 01:14:47.461   296   311 I sysui_multi_action: [757,803,799,window_time_0,802,28]
01-01 01:14:47.449  2843  2843 I auditd  : type=1400 audit(0.0:227): avc: denied { open } for comm="main" path="/sys/kernel/debug/tracing/trace_marker" dev="tracefs" ino=47 scontext=u:r:zygote:s0 tcontext=u:object_r:debugfs_tracing:s0 tclass=file permissive=1
01-01 01:14:47.449  2843  2843 I main    : type=1400 audit(0.0:227): avc: denied { open } for path="/sys/kernel/debug/tracing/trace_marker" dev="tracefs" ino=47 scontext=u:r:zygote:s0 tcontext=u:object_r:debugfs_tracing:s0 tclass=file permissive=1
01-01 01:14:47.506  2843  2843 I zygote  : Late-enabling -Xcheck:jni
01-01 01:14:47.586   296  1900 I am_proc_bound: [0,2843,com.salo.android.arduinointegration]
01-01 01:14:47.595   296  1900 I am_uid_active: 10036
01-01 01:14:47.595   296  1900 I am_restart_activity: [0,186794906,10,com.salo.android.arduinointegration/.MainActivity]
01-01 01:14:47.598   296  1900 I am_set_resumed_activity: [0,com.salo.android.arduinointegration/.MainActivity,minimalResumeActivityLocked]
01-01 01:14:47.625   172   172 D gralloc : Registering a buffer in the process that created it. This may cause memory ordering problems.
01-01 01:14:47.684  2831  2831 D AndroidRuntime: >>>>>> START com.android.internal.os.RuntimeInit uid 2000 <<<<<<
01-01 01:14:47.698  2831  2831 W app_process: Could not reserve sentinel fault page
01-01 01:14:47.888  2843  2843 I InstantRun: starting instant run server: is main process
01-01 01:14:47.899  2831  2831 I app_process: The ClassLoaderContext is a special shared library.
01-01 01:14:47.973  2831  2831 D AndroidRuntime: Calling main entry com.android.commands.wm.Wm
01-01 01:14:47.977   296  1086 W WindowManager: Permission Denial: dismissKeyguard from pid=2831, uid=2000 requires android.permission.CONTROL_KEYGUARD
01-01 01:14:47.978  2831  2831 D AndroidRuntime: Shutting down VM
01-01 01:14:48.075  2843  2843 D MainActivity: onCreate()
01-01 01:14:48.085  2843  2843 D MainActivity: addTextmessage: Arduino / Android Things Integration Demo
01-01 01:14:48.090  2843  2843 D MainActivity: Interface: eth0 192.168.0.56
01-01 01:14:48.090  2843  2843 D MainActivity: addTextmessage: Interface: eth0 192.168.0.56
01-01 01:14:48.091  2843  2843 D MainActivity: Interface: wlan0
01-01 01:14:48.091  2843  2843 D MainActivity: addTextmessage: Interface: wlan0
01-01 01:14:48.092  2843  2843 D MainActivity: Interface: lo 127.0.0.1
01-01 01:14:48.093  2843  2843 D MainActivity: addTextmessage: Interface: lo 127.0.0.1
01-01 01:14:48.093  2843  2843 D MainActivity: Interface: sit0
01-01 01:14:48.093  2843  2843 D MainActivity: addTextmessage: Interface: sit0
01-01 01:14:48.104  2843  2843 D TAG     : Starting web server..
01-01 01:14:48.117  2843  2843 D MainActivity: addTextmessage: Web Server Running
01-01 01:14:48.120  2843  2869 D AsyncThread: AsychThread: run()
01-01 01:14:48.122  2843  2870 D I2CThread: I2CThread: run()
01-01 01:14:48.123  2843  2871 D SPIThread: SPIThread: run()
01-01 01:14:48.132  2843  2843 I am_on_resume_called: [0,com.salo.android.arduinointegration.MainActivity,LAUNCH_ACTIVITY]
01-01 01:14:48.151  2843  2869 I AsyncThread: List of available devices: [MINIUART, UART0]
01-01 01:14:48.152  2843  2870 I I2CThread: List of available devices: [I2C1]
01-01 01:14:48.153  2843  2871 I SPIThread: List of available devices: [SPI0.0, SPI0.1]
01-01 01:14:48.157  2843  2870 D I2CThread: Exception: unable to access I2C device.
01-01 01:14:48.159    23    23 I auditd  : type=1400 audit(0.0:228): avc: denied { create } for comm="kdevtmpfs" name="spidev0.0" scontext=u:r:kernel:s0 tcontext=u:object_r:device:s0 tclass=chr_file permissive=1
01-01 01:14:48.159    23    23 I kdevtmpfs: type=1400 audit(0.0:228): avc: denied { create } for name="spidev0.0" scontext=u:r:kernel:s0 tcontext=u:object_r:device:s0 tclass=chr_file permissive=1
01-01 01:14:48.159    23    23 I auditd  : type=1400 audit(0.0:229): avc: denied { setattr } for comm="kdevtmpfs" name="spidev0.0" dev="devtmpfs" ino=43424 scontext=u:r:kernel:s0 tcontext=u:object_r:device:s0 tclass=chr_file permissive=1
01-01 01:14:48.159    23    23 I kdevtmpfs: type=1400 audit(0.0:229): avc: denied { setattr } for name="spidev0.0" dev="devtmpfs" ino=43424 scontext=u:r:kernel:s0 tcontext=u:object_r:device:s0 tclass=chr_file permissive=1
01-01 01:14:48.159   185   185 I auditd  : type=1400 audit(0.0:230): avc: denied { read } for comm="peripheralman" name="ttyS0" dev="tmpfs" ino=34543 scontext=u:r:peripheralman:s0 tcontext=u:object_r:serial_device:s0 tclass=chr_file permissive=1
01-01 01:14:48.159   185   185 I peripheralman: type=1400 audit(0.0:230): avc: denied { read } for name="ttyS0" dev="tmpfs" ino=34543 scontext=u:r:peripheralman:s0 tcontext=u:object_r:serial_device:s0 tclass=chr_file permissive=1
01-01 01:14:48.159   185   185 I auditd  : type=1400 audit(0.0:231): avc: denied { open } for comm="peripheralman" path="/dev/ttyS0" dev="tmpfs" ino=34543 scontext=u:r:peripheralman:s0 tcontext=u:object_r:serial_device:s0 tclass=chr_file permissive=1
01-01 01:14:48.159   185   185 I peripheralman: type=1400 audit(0.0:231): avc: denied { open } for path="/dev/ttyS0" dev="tmpfs" ino=34543 scontext=u:r:peripheralman:s0 tcontext=u:object_r:serial_device:s0 tclass=chr_file permissive=1
01-01 01:14:48.159   185   185 I auditd  : type=1400 audit(0.0:232): avc: denied { ioctl } for comm="peripheralman" path="/dev/ttyS0" dev="tmpfs" ino=34543 ioctlcmd=5409 scontext=u:r:peripheralman:s0 tcontext=u:object_r:serial_device:s0 tclass=chr_file permissive=1
01-01 01:14:48.159   185   185 I peripheralman: type=1400 audit(0.0:232): avc: denied { ioctl } for path="/dev/ttyS0" dev="tmpfs" ino=34543 ioctlcmd=5409 scontext=u:r:peripheralman:s0 tcontext=u:object_r:serial_device:s0 tclass=chr_file permissive=1
01-01 01:14:48.159    23    23 I auditd  : type=1400 audit(0.0:233): avc: denied { getattr } for comm="kdevtmpfs" path="/ttyAMA0" dev="devtmpfs" ino=39820 scontext=u:r:kernel:s0 tcontext=u:object_r:device:s0 tclass=chr_file permissive=1
01-01 01:14:48.159    23    23 I kdevtmpfs: type=1400 audit(0.0:233): avc: denied { getattr } for path="/ttyAMA0" dev="devtmpfs" ino=39820 scontext=u:r:kernel:s0 tcontext=u:object_r:device:s0 tclass=chr_file permissive=1
01-01 01:14:48.159    23    23 I auditd  : type=1400 audit(0.0:234): avc: denied { unlink } for comm="kdevtmpfs" name="ttyAMA0" dev="devtmpfs" ino=39820 scontext=u:r:kernel:s0 tcontext=u:object_r:device:s0 tclass=chr_file permissive=1
01-01 01:14:48.159    23    23 I kdevtmpfs: type=1400 audit(0.0:234): avc: denied { unlink } for name="ttyAMA0" dev="devtmpfs" ino=39820 scontext=u:r:kernel:s0 tcontext=u:object_r:device:s0 tclass=chr_file permissive=1
01-01 01:15:17.488     0     0 W         : Trying to free nonexistent resource <000000003f201000-000000003f201fff>
01-01 01:15:17.488     0     0 W         : Trying to free nonexistent resource <000000003f201000-000000003f201fff>
01-01 01:15:17.489     0     0 I 3f201000.uart: ttyAMA0 at MMIO 0x3f201000 (irq = 87, base_baud = 0) is a PL011 rev2
01-01 01:15:17.491     0     0 I uart-pl011 3f201000.uart: no DMA platform data
01-01 01:14:48.169   185   185 I auditd  : type=1400 audit(0.0:235): avc: denied { dac_override } for comm="peripheralman" capability=1 scontext=u:r:peripheralman:s0 tcontext=u:r:peripheralman:s0 tclass=capability permissive=1
01-01 01:14:48.169   185   185 I peripheralman: type=1400 audit(0.0:235): avc: denied { dac_override } for capability=1 scontext=u:r:peripheralman:s0 tcontext=u:r:peripheralman:s0 tclass=capability permissive=1
01-01 01:15:17.492     0     0 W         : Trying to free nonexistent resource <000000003f201000-000000003f201fff>
01-01 01:15:17.492     0     0 W         : Trying to free nonexistent resource <000000003f201000-000000003f201fff>
01-01 01:15:17.494     0     0 I 3f201000.uart: ttyAMA0 at MMIO 0x3f201000 (irq = 87, base_baud = 0) is a PL011 rev2
01-01 01:15:17.495     0     0 I uart-pl011 3f201000.uart: no DMA platform data
01-01 01:14:48.246   172   660 D gralloc : Registering a buffer in the process that created it. This may cause memory ordering problems.
01-01 01:14:48.248  2843  2843 D vndksupport: Loading /vendor/lib/hw/android.hardware.graphics.mapper@2.0-impl.so from current namespace instead of sphal namespace.
01-01 01:14:48.275   296   318 I sysui_multi_action: [319,190,321,53,322,856,325,4516,757,761,758,7,759,1,806,com.salo.android.arduinointegration,871,com.salo.android.arduinointegration.MainActivity,905,0,945,173]
01-01 01:14:48.275   296   318 I am_activity_launch_time: [0,186794906,com.salo.android.arduinointegration/.MainActivity,830,830]
01-01 01:14:48.275   296   318 I ActivityManager: Displayed com.salo.android.arduinointegration/.MainActivity: +830ms
01-01 01:14:48.291   172   172 D gralloc : Registering a buffer in the process that created it. This may cause memory ordering problems.
01-01 01:14:48.293   172   553 D gralloc : Registering a buffer in the process that created it. This may cause memory ordering problems.
01-01 01:14:48.309   172   172 D gralloc : Registering a buffer in the process that created it. This may cause memory ordering problems.
01-01 01:14:48.314   296   308 I am_stop_activity: [0,131079773,com.android.iotlauncher.ota/com.google.android.things.iotlauncher.app.NearbySetupActivity]
01-01 01:14:48.315   697   697 I am_on_stop_called: [0,com.google.android.things.iotlauncher.app.NearbySetupActivity,handleStopActivity]
01-01 01:14:48.315   296   311 W TelecomManager: Telecom Service not found.
01-01 01:14:48.316   296   296 I notification_enqueue: [1000,296,android,40,NULL,0,Notification(channel=FOREGROUND_SERVICE pri=0 contentView=null vibrate=null sound=null defaults=0x0 flags=0x2 color=0xff607d8b vis=PRIVATE),0]
01-01 01:14:49.792   172   232 D gralloc : Registering a buffer in the process that created it. This may cause memory ordering problems.
01-01 01:14:49.807   172   172 D gralloc : Registering a buffer in the process that created it. This may cause memory ordering problems.
01-01 01:14:51.623   296   451 E TaskPersister: File error accessing recents directory (directory doesn't exist?).
01-01 01:15:00.050   296   310 I am_pss  : [2843,10036,com.salo.android.arduinointegration,17802240,10199040,0]
01-01 01:15:08.848   296  1045 D WificondControl: Scan result ready event
01-01 01:15:08.854   296   373 W WifiConfigManager: Looking up network with invalid networkId -1
01-01 01:15:19.923   210   210 I update_engine: [0101/011519:INFO:update_manager-inl.h(52)] AndroidThingsPolicy::UpdateCheckAllowed: START
01-01 01:15:19.924   210   210 I update_engine: [0101/011519:INFO:next_update_check_policy_impl.cc(48)] Periodic check interval not satisfied, blocking until 1/1/2009 5:00:27 GMT
01-01 01:15:19.924   210   210 I update_engine: [0101/011519:INFO:policy_utils.h(58)] decision by NextUpdateCheckTimePolicyImpl::UpdateCheckAllowed
01-01 01:15:19.924   210   210 I update_engine: [0101/011519:INFO:update_manager-inl.h(74)] AndroidThingsPolicy::UpdateCheckAllowed: END
01-01 01:15:27.048  2910  2910 I update_engine_client: [0101/011527:INFO:update_engine_client.cc(440)] Current Channel: stable-channel
01-01 01:15:27.048  2910  2910 I update_engine_client: [0101/011527:INFO:update_engine_client.cc(443)] Target Channel (pending update): stable-channel
01-01 01:15:27.169  2919  2919 I crash_sender[2735]: Sending crash:
01-01 01:15:27.191  2920  2920 I crash_sender[2735]:   Metadata: /data/misc/crash_reporter/crash/supplied_hci_thread.20090101.002859.452.meta (report)
01-01 01:15:27.212  2921  2921 I crash_sender[2735]:   Payload: /data/misc/crash_reporter/crash/supplied_hci_thread.20090101.002859.452.minimal.report
01-01 01:15:27.234  2922  2922 I crash_sender[2735]:   Version: OIM1.180327.064
01-01 01:15:27.255  2923  2923 I crash_sender[2735]:   Channel: stable-channel
01-01 01:15:27.276  2924  2924 I crash_sender[2735]:   Boot mode: dev
01-01 01:15:27.298  2925  2925 I crash_sender[2735]:   Exec name: supplied_hci_thread
01-01 01:15:27.411  2931  2931 I crash_sender[2735]: Crash sending failed with exit code 6:  * getaddrinfo(3) failed for clients2.google.com:443
01-01 01:15:27.411  2931  2931 I crash_sender[2735]: * Couldn't resolve host 'clients2.google.com'
01-01 01:15:27.411  2931  2931 I crash_sender[2735]: * Closing connection 0
01-01 01:15:27.411  2931  2931 I crash_sender[2735]: curl: (6) Couldn't resolve host 'clients2.google.com'
01-01 01:15:27.454  2933  2933 I crash_sender[2735]: Problem sending /data/misc/crash_reporter/crash/supplied_hci_thread.20090101.002859.452.meta, not removing.
01-01 01:15:27.542  2937  2937 I periodic_scheduler: crash_sender: job completed
01-01 01:16:00.051   296   310 I am_pss  : [697,10035,com.android.iotlauncher.ota,17309696,10342400,0]
01-01 01:16:00.102   296   310 I am_pss  : [771,10010,com.google.android.gms.nearby.connection,13371392,4558848,0]
01-01 01:16:17.925   296   549 I ntp_failure: [time.android.com,java.net.UnknownHostException: Unable to resolve host "time.android.com": No address associated with hostname]
01-01 01:16:17.925   296   549 D SntpClient: request time failed: java.net.UnknownHostException: Unable to resolve host "time.android.com": No address associated with hostname
01-01 01:16:18.449   296   443 D WificondControl: Scan result ready event
01-01 01:16:18.453   296   373 W WifiConfigManager: Looking up network with invalid networkId -1
01-01 01:16:24.076   296  1361 D DhcpClient: Unicasting DHCPREQUEST ciaddr=192.168.0.56 request=0.0.0.0 serverid=null to /192.168.0.1:67
01-01 01:16:24.463   296  1363 D DhcpClient: Received packet: b8:27:eb:60:42:c7 ACK: your new IP /192.168.0.56, netmask /255.255.255.0, gateways [/192.168.0.1] DNS servers: /192.168.0.1 , lease time 1800
01-01 01:16:24.463   296  1361 D DhcpClient: Renewed lease: IP address 192.168.0.56/24 Gateway 192.168.0.1  DNS servers: [ 192.168.0.1 ] Domains PK5001Z DHCP server /192.168.0.1 Vendor info null lease 1800 seconds
01-01 01:16:24.466   296  1361 D DhcpClient: Scheduling renewal in 899s
01-01 01:16:24.466   296  1361 D DhcpClient: Scheduling rebind in 1574s
01-01 01:16:24.466   296  1361 D DhcpClient: Scheduling expiry in 1799s
01-01 01:17:00.050   296   310 I am_pss  : [2843,10036,com.salo.android.arduinointegration,17803264,10199040,0]
01-01 01:17:00.109   296   310 I am_pss  : [729,10010,com.google.android.gms.persistent,32416768,18546688,0]
01-01 01:17:00.155   296   310 I am_pss  : [468,10031,com.android.inputmethod.latin,12106752,8462336,0]
01-01 01:17:17.933   296   549 I ntp_failure: [time.android.com,java.net.UnknownHostException: Unable to resolve host "time.android.com": No address associated with hostname]
01-01 01:17:17.933   296   549 D SntpClient: request time failed: java.net.UnknownHostException: Unable to resolve host "time.android.com": No address associated with hostname
01-01 01:18:17.941   296   549 I ntp_failure: [time.android.com,java.net.UnknownHostException: Unable to resolve host "time.android.com": No address associated with hostname]
01-01 01:18:17.941   296   549 D SntpClient: request time failed: java.net.UnknownHostException: Unable to resolve host "time.android.com": No address associated with hostname
01-01 01:18:26.664   296  2943 D NetworkMonitor/NetworkAgentInfo [Ethernet () - 100]: PROBE_DNS www.google.com 11ms FAIL
01-01 01:18:26.665   296  2944 D NetworkMonitor/NetworkAgentInfo [Ethernet () - 100]: PROBE_DNS connectivitycheck.gstatic.com 11ms FAIL
01-01 01:18:26.667   296  2944 D NetworkMonitor/NetworkAgentInfo [Ethernet () - 100]: PROBE_HTTP http://connectivitycheck.gstatic.com/generate_204 Probe failed with exception java.net.UnknownHostException: Unable to resolve host "connectivitycheck.gstatic.com": No address associated with hostname
01-01 01:18:26.669   296  2943 D NetworkMonitor/NetworkAgentInfo [Ethernet () - 100]: PROBE_HTTPS https://www.google.com/generate_204 Probe failed with exception java.net.UnknownHostException: Unable to resolve host "www.google.com": No address associated with hostname
01-01 01:18:26.677   296  1369 D NetworkMonitor/NetworkAgentInfo [Ethernet () - 100]: PROBE_FALLBACK http://play.googleapis.com/generate_204 Probe failed with exception java.net.UnknownHostException: Unable to resolve host "play.googleapis.com": No address associated with hostname
01-01 01:18:26.678   296   377 D ConnectivityService: NetworkAgentInfo [Ethernet () - 100] validation failed
01-01 01:19:00.094   296   310 I am_pss  : [296,1000,system,75305984,62672896,0]
01-01 01:19:00.138   296   310 I am_pss  : [477,10009,com.android.iot.systemui,4228096,1888256,0]
01-01 01:19:00.184   296   310 I am_pss  : [405,1000,com.google.android.things.internal.bluetooth,4337664,2203648,0]
01-01 01:19:00.229   296   310 I am_pss  : [395,1000,com.google.android.things.internal.devicemanagement,6043648,2654208,0]
01-01 01:19:00.274   296   310 I am_pss  : [400,1000,com.google.android.things.internal.media,3988480,1748992,0]
01-01 01:19:32.401     0     0 D logd    : logdr: UID=2000 GID=2000 PID=2948 n tail=0 logMask=7f pid=0 start=0ns timeout=0ns
01-01 01:19:42.190     0     0 D logd    : logdr: UID=2000 GID=2000 PID=2951 n tail=0 logMask=7f pid=0 start=0ns timeout=0ns
